BUILD_START 2026-07-01 11:45:41
%Warning-TIMESCALEMOD: imports/new/csr.v:3:8: Timescale missing on this module as other modules have it (IEEE 1800-2023 3.14.2.3)
    3 | module csr (
      |        ^~~
                       imports/new/ex.v:133:1: ... note: In file included from 'ex.v'
                       /tmp/tb_src0_first_led.sv:8:8: ... Location of module with timescale
    8 | module tb_seg_led_stop;
      |        ^~~~~~~~~~~~~~~
                       ... For warning description see https://verilator.org/warn/TIMESCALEMOD?v=5.048
                       ... Use "/* verilator lint_off TIMESCALEMOD */" and lint_on around source to disable this message.
make: Entering directory '/tmp/dt_src0_first_led/obj'
ccache g++ -Os  -I.  -MMD -I/usr/local/share/verilator/include -I/usr/local/share/verilator/include/vltstd -DVERILATOR=1 -DVM_COVERAGE=0 -DVM_SC=0 -DVM_TIMING=1 -DVM_TRACE=0 -DVM_TRACE_FST=0 -DVM_TRACE_VCD=0 -DVM_TRACE_SAIF=0 -faligned-new -fcf-protection=none -Wno-bool-operation -Wno-int-in-bool-context -Wno-shadow -Wno-sign-compare -Wno-subobject-linkage -Wno-tautological-compare -Wno-uninitialized -Wno-unused-but-set-parameter -Wno-unused-but-set-variable -Wno-unused-parameter -Wno-unused-variable    -DVL_TIME_CONTEXT   -fcoroutines -c -o verilated.o /usr/local/share/verilator/include/verilated.cpp
ccache g++ -Os  -I.  -MMD -I/usr/local/share/verilator/include -I/usr/local/share/verilator/include/vltstd -DVERILATOR=1 -DVM_COVERAGE=0 -DVM_SC=0 -DVM_TIMING=1 -DVM_TRACE=0 -DVM_TRACE_FST=0 -DVM_TRACE_VCD=0 -DVM_TRACE_SAIF=0 -faligned-new -fcf-protection=none -Wno-bool-operation -Wno-int-in-bool-context -Wno-shadow -Wno-sign-compare -Wno-subobject-linkage -Wno-tautological-compare -Wno-uninitialized -Wno-unused-but-set-parameter -Wno-unused-but-set-variable -Wno-unused-parameter -Wno-unused-variable    -DVL_TIME_CONTEXT   -fcoroutines -c -o verilated_timing.o /usr/local/share/verilator/include/verilated_timing.cpp
ccache g++ -Os  -I.  -MMD -I/usr/local/share/verilator/include -I/usr/local/share/verilator/include/vltstd -DVERILATOR=1 -DVM_COVERAGE=0 -DVM_SC=0 -DVM_TIMING=1 -DVM_TRACE=0 -DVM_TRACE_FST=0 -DVM_TRACE_VCD=0 -DVM_TRACE_SAIF=0 -faligned-new -fcf-protection=none -Wno-bool-operation -Wno-int-in-bool-context -Wno-shadow -Wno-sign-compare -Wno-subobject-linkage -Wno-tautological-compare -Wno-uninitialized -Wno-unused-but-set-parameter -Wno-unused-but-set-variable -Wno-unused-parameter -Wno-unused-variable    -DVL_TIME_CONTEXT   -fcoroutines -c -o verilated_threads.o /usr/local/share/verilator/include/verilated_threads.cpp
python3 /usr/local/share/verilator/bin/verilator_includer -DVL_INCLUDE_OPT=include Vtb_src0_first_led.cpp Vtb_src0_first_led___024root__0.cpp Vtb_src0_first_led__main.cpp Vtb_src0_first_led__ConstPool__0__Slow.cpp Vtb_src0_first_led___024root__Slow.cpp Vtb_src0_first_led___024root__0__Slow.cpp Vtb_src0_first_led__Syms__Slow.cpp > Vtb_src0_first_led__ALL.cpp
ccache g++ -Os  -I.  -MMD -I/usr/local/share/verilator/include -I/usr/local/share/verilator/include/vltstd -DVERILATOR=1 -DVM_COVERAGE=0 -DVM_SC=0 -DVM_TIMING=1 -DVM_TRACE=0 -DVM_TRACE_FST=0 -DVM_TRACE_VCD=0 -DVM_TRACE_SAIF=0 -faligned-new -fcf-protection=none -Wno-bool-operation -Wno-int-in-bool-context -Wno-shadow -Wno-sign-compare -Wno-subobject-linkage -Wno-tautological-compare -Wno-uninitialized -Wno-unused-but-set-parameter -Wno-unused-but-set-variable -Wno-unused-parameter -Wno-unused-variable    -DVL_TIME_CONTEXT   -fcoroutines -c -o Vtb_src0_first_led__ALL.o Vtb_src0_first_led__ALL.cpp
g++    verilated.o verilated_timing.o verilated_threads.o Vtb_src0_first_led__ALL.a    -pthread -lpthread -latomic   -o tb_src0_first_led
rm Vtb_src0_first_led__ALL.verilator_deplist.tmp
make: Leaving directory '/tmp/dt_src0_first_led/obj'
- V e r i l a t i o n   R e p o r t: Verilator 5.048 2026-04-26 rev v5.048-56-gc233a3905
- Verilator: Built from 3.620 MB sources in 32 modules, into 0.784 MB in 7 C++ files needing 0.004 MB
- Verilator: Walltime 3.236 s (elab=0.018, cvt=0.065, bld=2.276); cpu 0.180 s on 1 threads; allocated 42.996 MB
BUILD_DONE 2026-07-01 11:45:45
SIM_START 2026-07-01 11:45:45
TB_CPU_CLOCK freq_mhz=170.000 half_period_ns=2.941176
SEG_WRITE #1 cyc=1046 pc=80000148 data=37000000
SEG_WRITE #2 cyc=1954049136 pc=800001ac data=37011493
LED_WRITE #1 cyc=1954049193 pc=800001e4 data=01221c08 seg_writes=2
BP_STATS_COND led_first cyc=1954049193 branches=223674070 correct=170585026 miss=53089044 accuracy=76.26% actual_taken=156841504 pred_taken=160581116 taken_correct=132166788 not_taken_correct=38418238
BP_STATS_COND_RATE miss_rate=23.74% actual_taken_rate=70.12% pred_taken_rate=71.79% taken_recall=84.27% not_taken_recall=57.48% pred_taken_precision=82.31% pred_not_taken_precision=60.89% false_taken=28414328 false_not_taken=24674716
BP_STATS_FETCH if_valid=1754186776 branch=246781927 jal=45484329 jalr=22921679 other=1438998841 pred_taken=246777053 accepted=199862417 fetch_redirect=199862415 replay_redirect=2 ex_redirect=53582360
BP_STATS_EX_REDIRECT cond=53089044 jal=0 jalr=493316 other=0
BP_STATS_JUMP jal_total=16239750 jal_pred_taken=16239750 jal_target_correct=16239750 jal_miss=0 jal_accuracy=100.00% jalr_total=16012249 jalr_pred_taken=15538965 jalr_target_correct=15518933 jalr_no_pred=473284 jalr_wrong_target=20032 jalr_accuracy=96.92%
BP_STATS_BHT ghr=204 ghr_hex=0cc valid=488 invalid=24 snt=105 wnt=41 wt=68 st=274 pred_idx=180 update_idx=0
BP_STATS_RAS push=16012252 pop=15538965 pred_pop=22448395 pred_valid=22448395 count=31 sp=7 top_idx=6 top=80000274 nonempty=1
BP_STATS_RAS_TARGET return_total=15538965 return_pred=15538965 return_target_correct=15518933 return_no_pred=0 return_wrong_target=20032 return_accuracy=99.87% return_coverage=100.00% nonreturn_jalr=473284
BP_STATS_RAS_RAW ras0=80000f94 ras1=8000016c ras2=800000a0 ras3=800000a0 ras4=800000a0 ras5=80000f98 ras6=80000274 ras7=800000d0
BP_STATS_RAS_RAW ras8=80000d78 ras9=80000d78 ras10=80000d78 ras11=80000d78 ras12=80000d78 ras13=80000d78 ras14=80000d78 ras15=80000d78
BP_STATS_RAS_RAW ras16=80000d78 ras17=80000d78 ras18=80000d78 ras19=80000d78 ras20=80000d78 ras21=80000d78 ras22=80000d78 ras23=80000d78
BP_STATS_RAS_RAW ras24=80000df4 ras25=80000df4 ras26=80000d78 ras27=80000d78 ras28=80000d78 ras29=80000d78 ras30=80000d78 ras31=8000115c
SEG_LED_STOP_DONE led=00000000 seg=93e3f81a6f seg_writes=2 led_writes=1 cyc=1954049193
- /tmp/tb_src0_first_led.sv:521: Verilog $finish
- S i m u l a t i o n   R e p o r t: Verilator 5.048 2026-04-26
- Verilator: $finish at 11s; walltime 814.617 s; speed 14.112 ms/s
- Verilator: cpu 814.460 s on 1 threads; allocated 7 MB
SIM_DONE 2026-07-01 11:59:19
