ECHO 处于关闭状态。
ECHO 处于关闭状态。

****** Vivado v2023.2 (64-bit)
  **** SW Build 4029153 on Fri Oct 13 20:14:34 MDT 2023
  **** IP Build 4028589 on Sat Oct 14 00:45:43 MDT 2023
  **** SharedData Build 4025554 on Tue Oct 10 17:18:54 MDT 2023
    ** Copyright 1986-2022 Xilinx, Inc. All Rights Reserved.
    ** Copyright 2022-2023 Advanced Micro Devices, Inc. All Rights Reserved.

source {C:\Users\hp\Downloads\digital_twin\digital_twin.srcs\sources_1\new\run_impl_clk2.tcl}
# set project_path "C:/Users/hp/Downloads/digital_twin/digital_twin.xpr"
# set freq_mhz "210"
# if {[llength $argv] >= 1} {
#     set project_path [lindex $argv 0]
# }
# if {[llength $argv] >= 2} {
#     set freq_mhz [lindex $argv 1]
# }
# set tag [string map {. p} $freq_mhz]
# set report_dir "C:/Users/hp/Downloads/digital_twin/digital_twin.srcs/sources_1/vivado_clk2_sweep"
# file mkdir $report_dir
# open_project $project_path
Scanning sources...
Finished scanning sources
INFO: [IP_Flow 19-234] Refreshing IP repositories
INFO: [IP_Flow 19-1704] No user IP repositories specified
INFO: [IP_Flow 19-2313] Loaded Vivado IP repository 'E:/Vivado/Vivado/2023.2/data/ip'.
open_project: Time (s): cpu = 00:00:06 ; elapsed = 00:00:06 . Memory (MB): peak = 479.082 ; gain = 201.285
# set_param general.maxThreads 8
# set pll_ips [get_ips pll]
# if {[llength $pll_ips] != 1} {
#     puts "CLK2_ERROR expected one pll IP, got [llength $pll_ips]"
#     close_project
#     exit 3
# }
# set pll_ip [lindex $pll_ips 0]
# puts "CLK2_SET freq_mhz=$freq_mhz ip=$pll_ip"
CLK2_SET freq_mhz=212 ip=pll
# set_property -dict [list CONFIG.CLKOUT2_REQUESTED_OUT_FREQ $freq_mhz] $pll_ip
INFO: [Device 21-403] Loading part xc7k325tffg900-2
# generate_target all $pll_ip
INFO: [IP_Flow 19-1686] Generating 'Instantiation Template' target for IP 'pll'...
INFO: [IP_Flow 19-1686] Generating 'Synthesis' target for IP 'pll'...
INFO: [IP_Flow 19-1686] Generating 'Simulation' target for IP 'pll'...
INFO: [IP_Flow 19-1686] Generating 'Implementation' target for IP 'pll'...
INFO: [IP_Flow 19-1686] Generating 'Change Log' target for IP 'pll'...
# export_ip_user_files -of_objects $pll_ip -no_script -sync -force
# update_compile_order -fileset sources_1
# reset_run synth_1
# reset_run impl_1
# launch_runs impl_1 -to_step route_design -jobs 8
INFO: [IP_Flow 19-6924] IPCACHE: Running cache check for IP inst: pll

ECHO 处于关闭状态。
ECHO 处于关闭状态。
[Tue Jun  2 20:37:31 2026] Launched pll_synth_1, synth_1...
Run output will be captured here:
pll_synth_1: C:/Users/hp/Downloads/digital_twin/digital_twin.runs/pll_synth_1/runme.log
synth_1: C:/Users/hp/Downloads/digital_twin/digital_twin.runs/synth_1/runme.log
[Tue Jun  2 20:37:31 2026] Launched impl_1...
Run output will be captured here: C:/Users/hp/Downloads/digital_twin/digital_twin.runs/impl_1/runme.log
# wait_on_run impl_1
[Tue Jun  2 20:37:31 2026] Waiting for impl_1 to finish...

*** Running vivado
    with args -log top.vdi -applog -m64 -product Vivado -messageDb vivado.pb -mode batch -source top.tcl -notrace


ECHO 处于关闭状态。
ECHO 处于关闭状态。

****** Vivado v2023.2 (64-bit)
  **** SW Build 4029153 on Fri Oct 13 20:14:34 MDT 2023
  **** IP Build 4028589 on Sat Oct 14 00:45:43 MDT 2023
  **** SharedData Build 4025554 on Tue Oct 10 17:18:54 MDT 2023
    ** Copyright 1986-2022 Xilinx, Inc. All Rights Reserved.
    ** Copyright 2022-2023 Advanced Micro Devices, Inc. All Rights Reserved.

source top.tcl -notrace
create_project: Time (s): cpu = 00:00:05 ; elapsed = 00:00:06 . Memory (MB): peak = 463.934 ; gain = 185.172
Command: link_design -top top -part xc7k325tffg900-2
Design is defaulting to srcset: sources_1
Design is defaulting to constrset: constrs_1
INFO: [Device 21-403] Loading part xc7k325tffg900-2
INFO: [Project 1-454] Reading design checkpoint 'c:/Users/hp/Downloads/digital_twin/digital_twin.gen/sources_1/ip/pll/pll.dcp' for cell 'pll_inst'
INFO: [Project 1-454] Reading design checkpoint 'c:/Users/hp/Downloads/digital_twin/digital_twin.gen/sources_1/ip/Mem_IROM_2/Mem_IROM.dcp' for cell 'student_top_inst/Mem_IROM'
INFO: [Project 1-454] Reading design checkpoint 'c:/Users/hp/Downloads/digital_twin/digital_twin.gen/sources_1/ip/Mem_RAM/Mem_RAM.dcp' for cell 'student_top_inst/bridge_inst/dram_driver_inst/Mem_DRAM'
Netlist sorting complete. Time (s): cpu = 00:00:00 ; elapsed = 00:00:00.290 . Memory (MB): peak = 967.910 ; gain = 0.000
INFO: [Netlist 29-17] Analyzing 518 Unisim elements for replacement
INFO: [Netlist 29-28] Unisim Transformation completed in 0 CPU seconds
INFO: [Project 1-479] Netlist was created with Vivado 2023.2
INFO: [Project 1-570] Preparing netlist for logic optimization
Parsing XDC File [c:/Users/hp/Downloads/digital_twin/digital_twin.gen/sources_1/ip/pll/pll_board.xdc] for cell 'pll_inst/inst'
Finished Parsing XDC File [c:/Users/hp/Downloads/digital_twin/digital_twin.gen/sources_1/ip/pll/pll_board.xdc] for cell 'pll_inst/inst'
Parsing XDC File [c:/Users/hp/Downloads/digital_twin/digital_twin.gen/sources_1/ip/pll/pll.xdc] for cell 'pll_inst/inst'
INFO: [Timing 38-35] Done setting XDC timing constraints. [c:/Users/hp/Downloads/digital_twin/digital_twin.gen/sources_1/ip/pll/pll.xdc:54]
INFO: [Timing 38-2] Deriving generated clocks [c:/Users/hp/Downloads/digital_twin/digital_twin.gen/sources_1/ip/pll/pll.xdc:54]
get_clocks: Time (s): cpu = 00:00:12 ; elapsed = 00:00:21 . Memory (MB): peak = 1706.867 ; gain = 605.141
Finished Parsing XDC File [c:/Users/hp/Downloads/digital_twin/digital_twin.gen/sources_1/ip/pll/pll.xdc] for cell 'pll_inst/inst'
Parsing XDC File [C:/Users/hp/Downloads/digital_twin/digital_twin.srcs/constrs_1/new/digital_twin.xdc]
Finished Parsing XDC File [C:/Users/hp/Downloads/digital_twin/digital_twin.srcs/constrs_1/new/digital_twin.xdc]
INFO: [Opt 31-138] Pushed 0 inverter(s) to 0 load pin(s).
Netlist sorting complete. Time (s): cpu = 00:00:00 ; elapsed = 00:00:00.008 . Memory (MB): peak = 1706.867 ; gain = 0.000
INFO: [Project 1-111] Unisim Transformation Summary:
  A total of 33 instances were transformed.
  RAM128X1D => RAM128X1D (MUXF7(x2), RAMD64E(x4)): 12 instances
  RAM32M => RAM32M (RAMD32(x6), RAMS32(x2)): 15 instances
  RAM32X1D => RAM32X1D (RAMD32(x2)): 6 instances

系统找不到指定的路径。
12 Infos, 0 Warnings, 0 Critical Warnings and 0 Errors encountered.
link_design completed successfully
link_design: Time (s): cpu = 00:00:23 ; elapsed = 00:00:41 . Memory (MB): peak = 1706.867 ; gain = 1228.699
Command: opt_design
Attempting to get a license for feature 'Implementation' and/or device 'xc7k325t'
INFO: [Common 17-349] Got license for feature 'Implementation' and/or device 'xc7k325t'
Running DRC as a precondition to command opt_design

Starting DRC Task
INFO: [DRC 23-27] Running DRC with 8 threads
INFO: [Project 1-461] DRC finished with 0 Errors
INFO: [Project 1-462] Please refer to the DRC report (report_drc) for more information.

Time (s): cpu = 00:00:03 ; elapsed = 00:00:02 . Memory (MB): peak = 1706.867 ; gain = 0.000

Starting Cache Timing Information Task
INFO: [Timing 38-35] Done setting XDC timing constraints.
Ending Cache Timing Information Task | Checksum: 141dad915

Time (s): cpu = 00:00:00 ; elapsed = 00:00:00.659 . Memory (MB): peak = 1727.043 ; gain = 20.176

Starting Logic Optimization Task

Phase 1 Initialization

Phase 1.1 Core Generation And Design Setup
Phase 1.1 Core Generation And Design Setup | Checksum: 141dad915

Time (s): cpu = 00:00:00 ; elapsed = 00:00:00.005 . Memory (MB): peak = 2097.773 ; gain = 0.000

Phase 1.2 Setup Constraints And Sort Netlist
Phase 1.2 Setup Constraints And Sort Netlist | Checksum: 141dad915

Time (s): cpu = 00:00:00 ; elapsed = 00:00:00.025 . Memory (MB): peak = 2097.773 ; gain = 0.000
Phase 1 Initialization | Checksum: 141dad915

Time (s): cpu = 00:00:00 ; elapsed = 00:00:00.029 . Memory (MB): peak = 2097.773 ; gain = 0.000

Phase 2 Timer Update And Timing Data Collection

Phase 2.1 Timer Update
Phase 2.1 Timer Update | Checksum: 141dad915

Time (s): cpu = 00:00:00 ; elapsed = 00:00:00.279 . Memory (MB): peak = 2097.773 ; gain = 0.000

Phase 2.2 Timing Data Collection
Phase 2.2 Timing Data Collection | Checksum: 141dad915

Time (s): cpu = 00:00:00 ; elapsed = 00:00:00.310 . Memory (MB): peak = 2097.773 ; gain = 0.000
Phase 2 Timer Update And Timing Data Collection | Checksum: 141dad915

Time (s): cpu = 00:00:00 ; elapsed = 00:00:00.312 . Memory (MB): peak = 2097.773 ; gain = 0.000

Phase 3 Retarget
INFO: [Opt 31-1566] Pulled 1 inverters resulting in an inversion of 8 pins
INFO: [Opt 31-138] Pushed 12 inverter(s) to 46 load pin(s).
INFO: [Opt 31-49] Retargeted 0 cell(s).
Phase 3 Retarget | Checksum: 772628b5

Time (s): cpu = 00:00:01 ; elapsed = 00:00:01 . Memory (MB): peak = 2097.773 ; gain = 0.000
Retarget | Checksum: 772628b5
INFO: [Opt 31-389] Phase Retarget created 0 cells and removed 482 cells
INFO: [Opt 31-1021] In phase Retarget, 1 netlist objects are constrained preventing optimization. Please run opt_design with -debug_log to get more detail. 

Phase 4 Constant propagation
INFO: [Opt 31-138] Pushed 0 inverter(s) to 0 load pin(s).
Phase 4 Constant propagation | Checksum: 6930d7a2

Time (s): cpu = 00:00:01 ; elapsed = 00:00:01 . Memory (MB): peak = 2097.773 ; gain = 0.000
Constant propagation | Checksum: 6930d7a2
INFO: [Opt 31-389] Phase Constant propagation created 38 cells and removed 43 cells

Phase 5 Sweep
Phase 5 Sweep | Checksum: 7dea982e

Time (s): cpu = 00:00:01 ; elapsed = 00:00:02 . Memory (MB): peak = 2097.773 ; gain = 0.000
Sweep | Checksum: 7dea982e
INFO: [Opt 31-389] Phase Sweep created 68 cells and removed 355 cells

Phase 6 BUFG optimization
Phase 6 BUFG optimization | Checksum: 7dea982e

Time (s): cpu = 00:00:01 ; elapsed = 00:00:02 . Memory (MB): peak = 2097.773 ; gain = 0.000
BUFG optimization | Checksum: 7dea982e
INFO: [Opt 31-662] Phase BUFG optimization created 0 cells of which 0 are BUFGs and removed 0 cells.

Phase 7 Shift Register Optimization
INFO: [Opt 31-1064] SRL Remap converted 0 SRLs to 0 registers and converted 0 registers of register chains to 0 SRLs
Phase 7 Shift Register Optimization | Checksum: 7dea982e

Time (s): cpu = 00:00:01 ; elapsed = 00:00:02 . Memory (MB): peak = 2097.773 ; gain = 0.000
Shift Register Optimization | Checksum: 7dea982e
INFO: [Opt 31-389] Phase Shift Register Optimization created 0 cells and removed 0 cells

Phase 8 Post Processing Netlist
Phase 8 Post Processing Netlist | Checksum: 7dea982e

Time (s): cpu = 00:00:01 ; elapsed = 00:00:02 . Memory (MB): peak = 2097.773 ; gain = 0.000
Post Processing Netlist | Checksum: 7dea982e
INFO: [Opt 31-389] Phase Post Processing Netlist created 0 cells and removed 0 cells

Phase 9 Finalization

Phase 9.1 Finalizing Design Cores and Updating Shapes
Phase 9.1 Finalizing Design Cores and Updating Shapes | Checksum: 1f89c40a1

Time (s): cpu = 00:00:02 ; elapsed = 00:00:02 . Memory (MB): peak = 2097.773 ; gain = 0.000

Phase 9.2 Verifying Netlist Connectivity

Starting Connectivity Check Task

Time (s): cpu = 00:00:00 ; elapsed = 00:00:00.022 . Memory (MB): peak = 2097.773 ; gain = 0.000
Phase 9.2 Verifying Netlist Connectivity | Checksum: 1f89c40a1

Time (s): cpu = 00:00:02 ; elapsed = 00:00:02 . Memory (MB): peak = 2097.773 ; gain = 0.000
Phase 9 Finalization | Checksum: 1f89c40a1

Time (s): cpu = 00:00:02 ; elapsed = 00:00:02 . Memory (MB): peak = 2097.773 ; gain = 0.000
Opt_design Change Summary
=========================


-------------------------------------------------------------------------------------------------------------------------
|  Phase                        |  #Cells created  |  #Cells Removed  |  #Constrained objects preventing optimizations  |
-------------------------------------------------------------------------------------------------------------------------
|  Retarget                     |               0  |             482  |                                              1  |
|  Constant propagation         |              38  |              43  |                                              0  |
|  Sweep                        |              68  |             355  |                                              0  |
|  BUFG optimization            |               0  |               0  |                                              0  |
|  Shift Register Optimization  |               0  |               0  |                                              0  |
|  Post Processing Netlist      |               0  |               0  |                                              0  |
-------------------------------------------------------------------------------------------------------------------------


Ending Logic Optimization Task | Checksum: 1f89c40a1

Time (s): cpu = 00:00:02 ; elapsed = 00:00:02 . Memory (MB): peak = 2097.773 ; gain = 0.000
INFO: [Constraints 18-11670] Building netlist checker database with flags, 0x8
Done building netlist checker database: Time (s): cpu = 00:00:00 ; elapsed = 00:00:00.010 . Memory (MB): peak = 2097.773 ; gain = 0.000

Starting Power Optimization Task
INFO: [Pwropt 34-132] Skipping clock gating for clocks with a period < 2.00 ns.
INFO: [Timing 38-35] Done setting XDC timing constraints.
Running Vector-less Activity Propagation...

Finished Running Vector-less Activity Propagation
INFO: [Pwropt 34-9] Applying IDT optimizations ...
INFO: [Pwropt 34-10] Applying ODC optimizations ...


Starting PowerOpt Patch Enables Task
INFO: [Pwropt 34-162] WRITE_MODE attribute of 64 BRAM(s) out of a total of 68 has been updated to save power. Run report_power_opt to get a complete listing of the BRAMs updated.
INFO: [Pwropt 34-201] Structural ODC has moved 0 WE to EN ports
Number of BRAM Ports augmented: 64 newly gated: 0 Total Ports: 136
Ending PowerOpt Patch Enables Task | Checksum: 11cbe8900

Time (s): cpu = 00:00:00 ; elapsed = 00:00:00.761 . Memory (MB): peak = 2276.191 ; gain = 0.000
Ending Power Optimization Task | Checksum: 11cbe8900

Time (s): cpu = 00:00:10 ; elapsed = 00:00:13 . Memory (MB): peak = 2276.191 ; gain = 178.418

Starting Final Cleanup Task

Starting Logic Optimization Task
INFO: [Timing 38-35] Done setting XDC timing constraints.
Ending Logic Optimization Task | Checksum: 17e8fbd91

Time (s): cpu = 00:00:01 ; elapsed = 00:00:01 . Memory (MB): peak = 2276.191 ; gain = 0.000
INFO: [Constraints 18-11670] Building netlist checker database with flags, 0x8
Done building netlist checker database: Time (s): cpu = 00:00:00 ; elapsed = 00:00:00.013 . Memory (MB): peak = 2276.191 ; gain = 0.000
Ending Final Cleanup Task | Checksum: 17e8fbd91

Time (s): cpu = 00:00:06 ; elapsed = 00:00:08 . Memory (MB): peak = 2276.191 ; gain = 0.000

Starting Netlist Obfuscation Task
Netlist sorting complete. Time (s): cpu = 00:00:00 ; elapsed = 00:00:00.011 . Memory (MB): peak = 2276.191 ; gain = 0.000
Ending Netlist Obfuscation Task | Checksum: 17e8fbd91

Time (s): cpu = 00:00:00 ; elapsed = 00:00:00.015 . Memory (MB): peak = 2276.191 ; gain = 0.000
INFO: [Common 17-83] Releasing license: Implementation
39 Infos, 0 Warnings, 0 Critical Warnings and 0 Errors encountered.
opt_design completed successfully
opt_design: Time (s): cpu = 00:00:26 ; elapsed = 00:00:34 . Memory (MB): peak = 2276.191 ; gain = 569.324
INFO: [runtcl-4] Executing : report_drc -file top_drc_opted.rpt -pb top_drc_opted.pb -rpx top_drc_opted.rpx
Command: report_drc -file top_drc_opted.rpt -pb top_drc_opted.pb -rpx top_drc_opted.rpx
INFO: [IP_Flow 19-1839] IP Catalog is up to date.
INFO: [DRC 23-27] Running DRC with 8 threads
INFO: [Vivado_Tcl 2-168] The results of DRC are in file C:/Users/hp/Downloads/digital_twin/digital_twin.runs/impl_1/top_drc_opted.rpt.
report_drc completed successfully
INFO: [Timing 38-35] Done setting XDC timing constraints.
INFO: [Timing 38-480] Writing timing data to binary archive.
Wrote PlaceDB: Time (s): cpu = 00:00:00 ; elapsed = 00:00:00.010 . Memory (MB): peak = 2276.191 ; gain = 0.000
Wrote PulsedLatchDB: Time (s): cpu = 00:00:00 ; elapsed = 00:00:00 . Memory (MB): peak = 2276.191 ; gain = 0.000
Write ShapeDB Complete: Time (s): cpu = 00:00:00 ; elapsed = 00:00:00.019 . Memory (MB): peak = 2276.191 ; gain = 0.000
Writing XDEF routing.
Writing XDEF routing logical nets.
Writing XDEF routing special nets.
Wrote RouteStorage: Time (s): cpu = 00:00:00 ; elapsed = 00:00:00.044 . Memory (MB): peak = 2276.191 ; gain = 0.000
Wrote Netlist Cache: Time (s): cpu = 00:00:00 ; elapsed = 00:00:00 . Memory (MB): peak = 2276.191 ; gain = 0.000
Wrote Device Cache: Time (s): cpu = 00:00:00 ; elapsed = 00:00:00.009 . Memory (MB): peak = 2276.191 ; gain = 0.000
Write Physdb Complete: Time (s): cpu = 00:00:00 ; elapsed = 00:00:00.075 . Memory (MB): peak = 2276.191 ; gain = 0.000
INFO: [Common 17-1381] The checkpoint 'C:/Users/hp/Downloads/digital_twin/digital_twin.runs/impl_1/top_opt.dcp' has been generated.
Command: place_design -directive ExtraNetDelay_high
Attempting to get a license for feature 'Implementation' and/or device 'xc7k325t'
INFO: [Common 17-349] Got license for feature 'Implementation' and/or device 'xc7k325t'
INFO: [Common 17-83] Releasing license: Implementation
INFO: [DRC 23-27] Running DRC with 8 threads
INFO: [Vivado_Tcl 4-198] DRC finished with 0 Errors
INFO: [Vivado_Tcl 4-199] Please refer to the DRC report (report_drc) for more information.
Running DRC as a precondition to command place_design
INFO: [DRC 23-27] Running DRC with 8 threads
INFO: [Vivado_Tcl 4-198] DRC finished with 0 Errors
INFO: [Vivado_Tcl 4-199] Please refer to the DRC report (report_drc) for more information.
INFO: [Place 46-5] The placer was invoked with the 'ExtraNetDelay_high' directive.
INFO: [Place 30-611] Multithreading enabled for place_design using a maximum of 8 CPUs

Starting Placer Task

Phase 1 Placer Initialization

Phase 1.1 Placer Initialization Netlist Sorting
Netlist sorting complete. Time (s): cpu = 00:00:00 ; elapsed = 00:00:00.007 . Memory (MB): peak = 2276.191 ; gain = 0.000
Phase 1.1 Placer Initialization Netlist Sorting | Checksum: e8d19f75

Time (s): cpu = 00:00:00 ; elapsed = 00:00:00.011 . Memory (MB): peak = 2276.191 ; gain = 0.000
Netlist sorting complete. Time (s): cpu = 00:00:00 ; elapsed = 00:00:00.008 . Memory (MB): peak = 2276.191 ; gain = 0.000

Phase 1.2 IO Placement/ Clock Placement/ Build Placer Device
Phase 1.2 IO Placement/ Clock Placement/ Build Placer Device | Checksum: 28e9260b

Time (s): cpu = 00:00:01 ; elapsed = 00:00:00.966 . Memory (MB): peak = 2276.191 ; gain = 0.000

Phase 1.3 Build Placer Netlist Model
Phase 1.3 Build Placer Netlist Model | Checksum: b99ffaf2

Time (s): cpu = 00:00:04 ; elapsed = 00:00:04 . Memory (MB): peak = 2276.191 ; gain = 0.000

Phase 1.4 Constrain Clocks/Macros
Phase 1.4 Constrain Clocks/Macros | Checksum: b99ffaf2

Time (s): cpu = 00:00:04 ; elapsed = 00:00:04 . Memory (MB): peak = 2276.191 ; gain = 0.000
Phase 1 Placer Initialization | Checksum: b99ffaf2

Time (s): cpu = 00:00:04 ; elapsed = 00:00:04 . Memory (MB): peak = 2276.191 ; gain = 0.000

Phase 2 Global Placement

Phase 2.1 Floorplanning
Phase 2.1 Floorplanning | Checksum: aa90db96

Time (s): cpu = 00:00:05 ; elapsed = 00:00:05 . Memory (MB): peak = 2276.191 ; gain = 0.000

Phase 2.2 Update Timing before SLR Path Opt
Phase 2.2 Update Timing before SLR Path Opt | Checksum: 5b6fd700

Time (s): cpu = 00:00:05 ; elapsed = 00:00:06 . Memory (MB): peak = 2276.191 ; gain = 0.000

Phase 2.3 Post-Processing in Floorplanning
Phase 2.3 Post-Processing in Floorplanning | Checksum: 5b6fd700

Time (s): cpu = 00:00:06 ; elapsed = 00:00:06 . Memory (MB): peak = 2276.191 ; gain = 0.000

Phase 2.4 Global Placement Core

Phase 2.4.1 UpdateTiming Before Physical Synthesis
Phase 2.4.1 UpdateTiming Before Physical Synthesis | Checksum: 1c345d730

Time (s): cpu = 00:00:43 ; elapsed = 00:00:42 . Memory (MB): peak = 2276.191 ; gain = 0.000

Phase 2.4.2 Physical Synthesis In Placer
INFO: [Physopt 32-1035] Found 32 LUTNM shape to break, 729 LUT instances to create LUTNM shape
INFO: [Physopt 32-1044] Break lutnm for timing: one critical 19, two critical 13, total 32, new lutff created 2
INFO: [Physopt 32-1138] End 1 Pass. Optimized 354 nets or LUTs. Breaked 32 LUTs, combined 322 existing LUTs and moved 0 existing LUT
INFO: [Physopt 32-65] No nets found for high-fanout optimization.
INFO: [Physopt 32-232] Optimized 0 net. Created 0 new instance.
INFO: [Physopt 32-775] End 1 Pass. Optimized 0 net or cell. Created 0 new cell, deleted 0 existing cell and moved 0 existing cell
INFO: [Physopt 32-456] No candidate cells for DSP register optimization found in the design.
INFO: [Physopt 32-775] End 2 Pass. Optimized 0 net or cell. Created 0 new cell, deleted 0 existing cell and moved 0 existing cell
INFO: [Physopt 32-1123] No candidate cells found for Shift Register to Pipeline optimization
INFO: [Physopt 32-775] End 2 Pass. Optimized 0 net or cell. Created 0 new cell, deleted 0 existing cell and moved 0 existing cell
INFO: [Physopt 32-1401] No candidate cells found for Shift Register optimization.
INFO: [Physopt 32-677] No candidate cells for Shift Register optimization found in the design
INFO: [Physopt 32-775] End 1 Pass. Optimized 0 net or cell. Created 0 new cell, deleted 0 existing cell and moved 0 existing cell
INFO: [Physopt 32-526] No candidate cells for BRAM register optimization found in the design
INFO: [Physopt 32-775] End 1 Pass. Optimized 0 net or cell. Created 0 new cell, deleted 0 existing cell and moved 0 existing cell
INFO: [Physopt 32-846] No candidate cells for URAM register optimization found in the design
INFO: [Physopt 32-775] End 1 Pass. Optimized 0 net or cell. Created 0 new cell, deleted 0 existing cell and moved 0 existing cell
INFO: [Physopt 32-846] No candidate cells for URAM register optimization found in the design
INFO: [Physopt 32-775] End 1 Pass. Optimized 0 net or cell. Created 0 new cell, deleted 0 existing cell and moved 0 existing cell
INFO: [Physopt 32-949] No candidate nets found for dynamic/static region interface net replication
INFO: [Physopt 32-775] End 1 Pass. Optimized 0 net or cell. Created 0 new cell, deleted 0 existing cell and moved 0 existing cell
Netlist sorting complete. Time (s): cpu = 00:00:00 ; elapsed = 00:00:00.009 . Memory (MB): peak = 2276.191 ; gain = 0.000

Summary of Physical Synthesis Optimizations
============================================


-----------------------------------------------------------------------------------------------------------------------------------------------------------
|  Optimization                                     |  Added Cells  |  Removed Cells  |  Optimized Cells/Nets  |  Dont Touch  |  Iterations  |  Elapsed   |
-----------------------------------------------------------------------------------------------------------------------------------------------------------
|  LUT Combining                                    |           32  |            322  |                   354  |           0  |           1  |  00:00:01  |
|  Retime                                           |            0  |              0  |                     0  |           0  |           1  |  00:00:00  |
|  Very High Fanout                                 |            0  |              0  |                     0  |           0  |           1  |  00:00:00  |
|  DSP Register                                     |            0  |              0  |                     0  |           0  |           1  |  00:00:00  |
|  Shift Register to Pipeline                       |            0  |              0  |                     0  |           0  |           1  |  00:00:00  |
|  Shift Register                                   |            0  |              0  |                     0  |           0  |           1  |  00:00:00  |
|  BRAM Register                                    |            0  |              0  |                     0  |           0  |           1  |  00:00:00  |
|  URAM Register                                    |            0  |              0  |                     0  |           0  |           1  |  00:00:00  |
|  Dynamic/Static Region Interface Net Replication  |            0  |              0  |                     0  |           0  |           1  |  00:00:00  |
|  Total                                            |           32  |            322  |                   354  |           0  |           9  |  00:00:01  |
-----------------------------------------------------------------------------------------------------------------------------------------------------------


Phase 2.4.2 Physical Synthesis In Placer | Checksum: 1a4d5044e

Time (s): cpu = 00:00:45 ; elapsed = 00:00:44 . Memory (MB): peak = 2276.191 ; gain = 0.000
Phase 2.4 Global Placement Core | Checksum: 19a8e0e02

Time (s): cpu = 00:00:48 ; elapsed = 00:00:47 . Memory (MB): peak = 2276.191 ; gain = 0.000
Phase 2 Global Placement | Checksum: 19a8e0e02

Time (s): cpu = 00:00:48 ; elapsed = 00:00:47 . Memory (MB): peak = 2276.191 ; gain = 0.000

Phase 3 Detail Placement

Phase 3.1 Commit Multi Column Macros
Phase 3.1 Commit Multi Column Macros | Checksum: f804496b

Time (s): cpu = 00:00:49 ; elapsed = 00:00:48 . Memory (MB): peak = 2276.191 ; gain = 0.000

Phase 3.2 Commit Most Macros & LUTRAMs
Phase 3.2 Commit Most Macros & LUTRAMs | Checksum: 18fcc72a6

Time (s): cpu = 00:00:49 ; elapsed = 00:00:50 . Memory (MB): peak = 2276.191 ; gain = 0.000

Phase 3.3 Area Swap Optimization
Phase 3.3 Area Swap Optimization | Checksum: 225ef1df2

Time (s): cpu = 00:00:50 ; elapsed = 00:00:50 . Memory (MB): peak = 2276.191 ; gain = 0.000

Phase 3.4 Pipeline Register Optimization
Phase 3.4 Pipeline Register Optimization | Checksum: 1ed8ef962

Time (s): cpu = 00:00:50 ; elapsed = 00:00:50 . Memory (MB): peak = 2276.191 ; gain = 0.000

Phase 3.5 Fast Optimization
Phase 3.5 Fast Optimization | Checksum: 1507fdd5b

Time (s): cpu = 00:00:56 ; elapsed = 00:01:13 . Memory (MB): peak = 2276.191 ; gain = 0.000

Phase 3.6 Small Shape Detail Placement
Phase 3.6 Small Shape Detail Placement | Checksum: 16ab3bbf7

Time (s): cpu = 00:01:03 ; elapsed = 00:01:23 . Memory (MB): peak = 2276.191 ; gain = 0.000

Phase 3.7 Re-assign LUT pins
Phase 3.7 Re-assign LUT pins | Checksum: ecc6af30

Time (s): cpu = 00:01:04 ; elapsed = 00:01:24 . Memory (MB): peak = 2276.191 ; gain = 0.000

Phase 3.8 Pipeline Register Optimization
Phase 3.8 Pipeline Register Optimization | Checksum: 135cbe8be

Time (s): cpu = 00:01:04 ; elapsed = 00:01:24 . Memory (MB): peak = 2276.191 ; gain = 0.000

Phase 3.9 Fast Optimization
Phase 3.9 Fast Optimization | Checksum: 16274b886

Time (s): cpu = 00:01:11 ; elapsed = 00:01:45 . Memory (MB): peak = 2276.191 ; gain = 0.000
Phase 3 Detail Placement | Checksum: 16274b886

Time (s): cpu = 00:01:11 ; elapsed = 00:01:45 . Memory (MB): peak = 2276.191 ; gain = 0.000

Phase 4 Post Placement Optimization and Clean-Up

Phase 4.1 Post Commit Optimization
INFO: [Place 46-20] Placer is running with the ExtraNetDelay_high directive. Post Placement Optimization may take longer to complete with ExtraNetDelay_high compared to other directives.
INFO: [Timing 38-35] Done setting XDC timing constraints.

Phase 4.1.1 Post Placement Optimization
Post Placement Optimization Initialization | Checksum: af2f5d6b

Phase 4.1.1.1 BUFG Insertion

Starting Physical Synthesis Task

Phase 1 Physical Synthesis Initialization
INFO: [Physopt 32-721] Multithreading enabled for phys_opt_design using a maximum of 8 CPUs
INFO: [Physopt 32-619] Estimated Timing Summary | WNS=-0.375 | TNS=-2.943 |
Phase 1 Physical Synthesis Initialization | Checksum: 14172fb2e

Time (s): cpu = 00:00:00 ; elapsed = 00:00:00.833 . Memory (MB): peak = 2276.191 ; gain = 0.000
INFO: [Place 46-56] BUFG insertion identified 0 candidate nets. Inserted BUFG: 0, Replicated BUFG Driver: 0, Skipped due to Placement/Routing Conflicts: 0, Skipped due to Timing Degradation: 0, Skipped due to netlist editing failed: 0.
Ending Physical Synthesis Task | Checksum: 14172fb2e

Time (s): cpu = 00:00:00 ; elapsed = 00:00:00.990 . Memory (MB): peak = 2276.191 ; gain = 0.000
Phase 4.1.1.1 BUFG Insertion | Checksum: af2f5d6b

Time (s): cpu = 00:01:15 ; elapsed = 00:01:50 . Memory (MB): peak = 2276.191 ; gain = 0.000

Phase 4.1.1.2 Post Placement Timing Optimization
INFO: [Place 30-746] Post Placement Timing Summary WNS=0.050. For the most accurate timing information please run report_timing.
Phase 4.1.1.2 Post Placement Timing Optimization | Checksum: 1047178d4

Time (s): cpu = 00:03:44 ; elapsed = 00:05:37 . Memory (MB): peak = 2276.191 ; gain = 0.000

Time (s): cpu = 00:03:44 ; elapsed = 00:05:37 . Memory (MB): peak = 2276.191 ; gain = 0.000
Phase 4.1 Post Commit Optimization | Checksum: 1047178d4

Time (s): cpu = 00:03:44 ; elapsed = 00:05:37 . Memory (MB): peak = 2276.191 ; gain = 0.000

Phase 4.2 Post Placement Cleanup
Phase 4.2 Post Placement Cleanup | Checksum: 1047178d4

Time (s): cpu = 00:03:45 ; elapsed = 00:05:37 . Memory (MB): peak = 2276.191 ; gain = 0.000

Phase 4.3 Placer Reporting

Phase 4.3.1 Print Estimated Congestion
INFO: [Place 30-612] Post-Placement Estimated Congestion 
 ____________________________________________________
|           | Global Congestion | Short Congestion  |
| Direction | Region Size       | Region Size       |
|___________|___________________|___________________|
|      North|                1x1|                8x8|
|___________|___________________|___________________|
|      South|                1x1|                4x4|
|___________|___________________|___________________|
|       East|                8x8|                8x8|
|___________|___________________|___________________|
|       West|                1x1|                2x2|
|___________|___________________|___________________|

Phase 4.3.1 Print Estimated Congestion | Checksum: 1047178d4

Time (s): cpu = 00:03:45 ; elapsed = 00:05:38 . Memory (MB): peak = 2276.191 ; gain = 0.000
Phase 4.3 Placer Reporting | Checksum: 1047178d4

Time (s): cpu = 00:03:45 ; elapsed = 00:05:38 . Memory (MB): peak = 2276.191 ; gain = 0.000

Phase 4.4 Final Placement Cleanup
Netlist sorting complete. Time (s): cpu = 00:00:00 ; elapsed = 00:00:00.008 . Memory (MB): peak = 2276.191 ; gain = 0.000

Time (s): cpu = 00:03:45 ; elapsed = 00:05:38 . Memory (MB): peak = 2276.191 ; gain = 0.000
Phase 4 Post Placement Optimization and Clean-Up | Checksum: 196356ff1

Time (s): cpu = 00:03:45 ; elapsed = 00:05:38 . Memory (MB): peak = 2276.191 ; gain = 0.000
Ending Placer Task | Checksum: af6f4780

Time (s): cpu = 00:03:45 ; elapsed = 00:05:38 . Memory (MB): peak = 2276.191 ; gain = 0.000
84 Infos, 0 Warnings, 0 Critical Warnings and 0 Errors encountered.
place_design completed successfully
place_design: Time (s): cpu = 00:03:47 ; elapsed = 00:05:39 . Memory (MB): peak = 2276.191 ; gain = 0.000
INFO: [runtcl-4] Executing : report_io -file top_io_placed.rpt
report_io: Time (s): cpu = 00:00:00 ; elapsed = 00:00:00.317 . Memory (MB): peak = 2276.191 ; gain = 0.000
INFO: [runtcl-4] Executing : report_utilization -file top_utilization_placed.rpt -pb top_utilization_placed.pb
INFO: [runtcl-4] Executing : report_control_sets -verbose -file top_control_sets_placed.rpt
report_control_sets: Time (s): cpu = 00:00:00 ; elapsed = 00:00:00.073 . Memory (MB): peak = 2276.191 ; gain = 0.000
INFO: [Timing 38-480] Writing timing data to binary archive.
Write ShapeDB Complete: Time (s): cpu = 00:00:00 ; elapsed = 00:00:00.054 . Memory (MB): peak = 2276.191 ; gain = 0.000
Wrote PlaceDB: Time (s): cpu = 00:00:02 ; elapsed = 00:00:01 . Memory (MB): peak = 2276.191 ; gain = 0.000
Wrote PulsedLatchDB: Time (s): cpu = 00:00:00 ; elapsed = 00:00:00 . Memory (MB): peak = 2276.191 ; gain = 0.000
Writing XDEF routing.
Writing XDEF routing logical nets.
Writing XDEF routing special nets.
Wrote RouteStorage: Time (s): cpu = 00:00:00 ; elapsed = 00:00:00.038 . Memory (MB): peak = 2276.191 ; gain = 0.000
Wrote Netlist Cache: Time (s): cpu = 00:00:00 ; elapsed = 00:00:00.021 . Memory (MB): peak = 2276.191 ; gain = 0.000
Wrote Device Cache: Time (s): cpu = 00:00:00 ; elapsed = 00:00:00.010 . Memory (MB): peak = 2276.191 ; gain = 0.000
Write Physdb Complete: Time (s): cpu = 00:00:02 ; elapsed = 00:00:01 . Memory (MB): peak = 2276.191 ; gain = 0.000
INFO: [Common 17-1381] The checkpoint 'C:/Users/hp/Downloads/digital_twin/digital_twin.runs/impl_1/top_placed.dcp' has been generated.
Command: phys_opt_design -directive AggressiveExplore
Attempting to get a license for feature 'Implementation' and/or device 'xc7k325t'
INFO: [Common 17-349] Got license for feature 'Implementation' and/or device 'xc7k325t'
INFO: [Vivado_Tcl 4-137] Directive used for phys_opt_design is: AggressiveExplore

Starting Initial Update Timing Task

Time (s): cpu = 00:00:02 ; elapsed = 00:00:02 . Memory (MB): peak = 2276.191 ; gain = 0.000
INFO: [Vivado_Tcl 4-383] Design worst setup slack (WNS) is greater than or equal to 0.000 ns. Skipping all physical synthesis optimizations.
INFO: [Vivado_Tcl 4-232] No setup violation found. The netlist was not modified.
INFO: [Common 17-83] Releasing license: Implementation
94 Infos, 0 Warnings, 0 Critical Warnings and 0 Errors encountered.
phys_opt_design completed successfully
INFO: [Timing 38-480] Writing timing data to binary archive.
Write ShapeDB Complete: Time (s): cpu = 00:00:00 ; elapsed = 00:00:00.082 . Memory (MB): peak = 2276.191 ; gain = 0.000
Wrote PlaceDB: Time (s): cpu = 00:00:01 ; elapsed = 00:00:01 . Memory (MB): peak = 2276.191 ; gain = 0.000
Wrote PulsedLatchDB: Time (s): cpu = 00:00:00 ; elapsed = 00:00:00 . Memory (MB): peak = 2276.191 ; gain = 0.000
Writing XDEF routing.
Writing XDEF routing logical nets.
Writing XDEF routing special nets.
Wrote RouteStorage: Time (s): cpu = 00:00:00 ; elapsed = 00:00:00.033 . Memory (MB): peak = 2276.191 ; gain = 0.000
Wrote Netlist Cache: Time (s): cpu = 00:00:00 ; elapsed = 00:00:00.021 . Memory (MB): peak = 2276.191 ; gain = 0.000
Wrote Device Cache: Time (s): cpu = 00:00:00 ; elapsed = 00:00:00.010 . Memory (MB): peak = 2276.191 ; gain = 0.000
Write Physdb Complete: Time (s): cpu = 00:00:01 ; elapsed = 00:00:01 . Memory (MB): peak = 2276.191 ; gain = 0.000
INFO: [Common 17-1381] The checkpoint 'C:/Users/hp/Downloads/digital_twin/digital_twin.runs/impl_1/top_physopt.dcp' has been generated.
Command: route_design -directive NoTimingRelaxation
Attempting to get a license for feature 'Implementation' and/or device 'xc7k325t'
INFO: [Common 17-349] Got license for feature 'Implementation' and/or device 'xc7k325t'
Running DRC as a precondition to command route_design
INFO: [DRC 23-27] Running DRC with 8 threads
INFO: [Vivado_Tcl 4-198] DRC finished with 0 Errors
INFO: [Vivado_Tcl 4-199] Please refer to the DRC report (report_drc) for more information.


Starting Routing Task
INFO: [Route 35-270] Using Router directive 'NoTimingRelaxation'.
INFO: [Route 35-254] Multithreading enabled for route_design using a maximum of 8 CPUs

Phase 1 Build RT Design
Checksum: PlaceDB: 2cdbade ConstDB: 0 ShapeSum: aca18ca2 RouteDB: 0
Post Restoration Checksum: NetGraph: 57a6fb36 | NumContArr: 2b4f27b5 | Constraints: c2a8fa9d | Timing: c2a8fa9d
Phase 1 Build RT Design | Checksum: 208481825

Time (s): cpu = 00:00:24 ; elapsed = 00:00:19 . Memory (MB): peak = 2484.934 ; gain = 208.742

Phase 2 Router Initialization

Phase 2.1 Fix Topology Constraints
Phase 2.1 Fix Topology Constraints | Checksum: 208481825

Time (s): cpu = 00:00:24 ; elapsed = 00:00:19 . Memory (MB): peak = 2484.934 ; gain = 208.742

Phase 2.2 Pre Route Cleanup
Phase 2.2 Pre Route Cleanup | Checksum: 208481825

Time (s): cpu = 00:00:24 ; elapsed = 00:00:20 . Memory (MB): peak = 2484.934 ; gain = 208.742
 Number of Nodes with overlaps = 0

Phase 2.3 Update Timing
Phase 2.3 Update Timing | Checksum: 19e9171bd

Time (s): cpu = 00:00:26 ; elapsed = 00:00:22 . Memory (MB): peak = 2677.902 ; gain = 401.711
INFO: [Route 35-416] Intermediate Timing Summary | WNS=0.071  | TNS=0.000  | WHS=-0.239 | THS=-204.177|


Router Utilization Summary
  Global Vertical Routing Utilization    = 0 %
  Global Horizontal Routing Utilization  = 0 %
  Routable Net Status*
  *Does not include unroutable nets such as driverless and loadless.
  Run report_route_status for detailed report.
  Number of Failed Nets               = 7981
    (Failed Nets is the sum of unrouted and partially routed nets)
  Number of Unrouted Nets             = 7981
  Number of Partially Routed Nets     = 0
  Number of Node Overlaps             = 0

Phase 2 Router Initialization | Checksum: 17c47b9bc

Time (s): cpu = 00:00:27 ; elapsed = 00:00:23 . Memory (MB): peak = 2709.895 ; gain = 433.703

Phase 3 Initial Routing

Phase 3.1 Global Routing
Phase 3.1 Global Routing | Checksum: 17c47b9bc

Time (s): cpu = 00:00:27 ; elapsed = 00:00:23 . Memory (MB): peak = 2709.895 ; gain = 433.703

Phase 3.2 Initial Net Routing
Phase 3.2 Initial Net Routing | Checksum: 3522952b0

Time (s): cpu = 00:00:28 ; elapsed = 00:00:24 . Memory (MB): peak = 2709.895 ; gain = 433.703
Phase 3 Initial Routing | Checksum: 3522952b0

Time (s): cpu = 00:00:28 ; elapsed = 00:00:24 . Memory (MB): peak = 2709.895 ; gain = 433.703
INFO: [Route 35-580] Design has 3 pins with tight setup and hold constraints.

The top 5 pins with tight setup and hold constraints:

+====================+===================+=======================================================================+
| Launch Setup Clock | Launch Hold Clock | Pin                                                                   |
+====================+===================+=======================================================================+
| clk_out2_pll       | clk_out2_pll      | student_top_inst/Core_cpu/cpu_core/if_id_inst/pred_target_o_reg[22]/D |
| clk_out2_pll       | clk_out2_pll      | student_top_inst/Core_cpu/cpu_core/if_id_inst/pred_target_o_reg[21]/D |
| clk_out2_pll       | clk_out2_pll      | student_top_inst/Core_cpu/cpu_core/if_id_inst/pred_target_o_reg[24]/D |
+--------------------+-------------------+-----------------------------------------------------------------------+

File with complete list of pins: tight_setup_hold_pins.txt


Phase 4 Rip-up And Reroute

Phase 4.1 Global Iteration 0
 Number of Nodes with overlaps = 3223
 Number of Nodes with overlaps = 1563
 Number of Nodes with overlaps = 883
 Number of Nodes with overlaps = 602
 Number of Nodes with overlaps = 403
 Number of Nodes with overlaps = 157
 Number of Nodes with overlaps = 85
 Number of Nodes with overlaps = 49
 Number of Nodes with overlaps = 20
 Number of Nodes with overlaps = 13
 Number of Nodes with overlaps = 10
 Number of Nodes with overlaps = 5
 Number of Nodes with overlaps = 2
 Number of Nodes with overlaps = 1
 Number of Nodes with overlaps = 1
 Number of Nodes with overlaps = 0
INFO: [Route 35-416] Intermediate Timing Summary | WNS=-0.110 | TNS=-1.673 | WHS=N/A    | THS=N/A    |

Phase 4.1 Global Iteration 0 | Checksum: 29ad51aba

Time (s): cpu = 00:00:33 ; elapsed = 00:00:35 . Memory (MB): peak = 2709.895 ; gain = 433.703

Phase 4.2 Global Iteration 1
 Number of Nodes with overlaps = 475
 Number of Nodes with overlaps = 297
 Number of Nodes with overlaps = 191
 Number of Nodes with overlaps = 150
 Number of Nodes with overlaps = 87
 Number of Nodes with overlaps = 51
 Number of Nodes with overlaps = 19
 Number of Nodes with overlaps = 9
 Number of Nodes with overlaps = 7
 Number of Nodes with overlaps = 2
 Number of Nodes with overlaps = 3
 Number of Nodes with overlaps = 0
INFO: [Route 35-416] Intermediate Timing Summary | WNS=-0.069 | TNS=-0.346 | WHS=N/A    | THS=N/A    |

Phase 4.2 Global Iteration 1 | Checksum: 2e7983ef5

Time (s): cpu = 00:00:34 ; elapsed = 00:00:40 . Memory (MB): peak = 2709.895 ; gain = 433.703

Phase 4.3 Global Iteration 2
 Number of Nodes with overlaps = 221
 Number of Nodes with overlaps = 95
 Number of Nodes with overlaps = 56
 Number of Nodes with overlaps = 31
 Number of Nodes with overlaps = 13
 Number of Nodes with overlaps = 6
 Number of Nodes with overlaps = 1
 Number of Nodes with overlaps = 1
 Number of Nodes with overlaps = 1
 Number of Nodes with overlaps = 1
 Number of Nodes with overlaps = 0
INFO: [Route 35-416] Intermediate Timing Summary | WNS=-0.056 | TNS=-0.184 | WHS=N/A    | THS=N/A    |

Phase 4.3 Global Iteration 2 | Checksum: 267c2f834

Time (s): cpu = 00:00:35 ; elapsed = 00:00:43 . Memory (MB): peak = 2709.895 ; gain = 433.703

Phase 4.4 Global Iteration 3
 Number of Nodes with overlaps = 165
 Number of Nodes with overlaps = 40
 Number of Nodes with overlaps = 35
 Number of Nodes with overlaps = 16
 Number of Nodes with overlaps = 8
 Number of Nodes with overlaps = 5
 Number of Nodes with overlaps = 1
 Number of Nodes with overlaps = 1
 Number of Nodes with overlaps = 0
INFO: [Route 35-416] Intermediate Timing Summary | WNS=-0.086 | TNS=-0.238 | WHS=N/A    | THS=N/A    |

Phase 4.4 Global Iteration 3 | Checksum: 3360cc32a

Time (s): cpu = 00:00:36 ; elapsed = 00:00:45 . Memory (MB): peak = 2709.895 ; gain = 433.703
Phase 4 Rip-up And Reroute | Checksum: 3360cc32a

Time (s): cpu = 00:00:36 ; elapsed = 00:00:45 . Memory (MB): peak = 2709.895 ; gain = 433.703

Phase 5 Delay and Skew Optimization

Phase 5.1 Delay CleanUp

Phase 5.1.1 Update Timing
Phase 5.1.1 Update Timing | Checksum: 2de091392

Time (s): cpu = 00:00:36 ; elapsed = 00:00:45 . Memory (MB): peak = 2709.895 ; gain = 433.703
INFO: [Route 35-416] Intermediate Timing Summary | WNS=0.031  | TNS=0.000  | WHS=N/A    | THS=N/A    |

Phase 5.1 Delay CleanUp | Checksum: 2de091392

Time (s): cpu = 00:00:36 ; elapsed = 00:00:45 . Memory (MB): peak = 2709.895 ; gain = 433.703

Phase 5.2 Clock Skew Optimization
Phase 5.2 Clock Skew Optimization | Checksum: 2de091392

Time (s): cpu = 00:00:36 ; elapsed = 00:00:45 . Memory (MB): peak = 2709.895 ; gain = 433.703
Phase 5 Delay and Skew Optimization | Checksum: 2de091392

Time (s): cpu = 00:00:36 ; elapsed = 00:00:45 . Memory (MB): peak = 2709.895 ; gain = 433.703

Phase 6 Post Hold Fix

Phase 6.1 Hold Fix Iter

Phase 6.1.1 Update Timing
Phase 6.1.1 Update Timing | Checksum: 2e3e9a40d

Time (s): cpu = 00:00:36 ; elapsed = 00:00:46 . Memory (MB): peak = 2709.895 ; gain = 433.703
INFO: [Route 35-416] Intermediate Timing Summary | WNS=0.031  | TNS=0.000  | WHS=0.082  | THS=0.000  |

Phase 6.1 Hold Fix Iter | Checksum: 2e3e9a40d

Time (s): cpu = 00:00:36 ; elapsed = 00:00:46 . Memory (MB): peak = 2709.895 ; gain = 433.703
Phase 6 Post Hold Fix | Checksum: 2e3e9a40d

Time (s): cpu = 00:00:36 ; elapsed = 00:00:46 . Memory (MB): peak = 2709.895 ; gain = 433.703

Phase 7 Route finalize

Router Utilization Summary
  Global Vertical Routing Utilization    = 1.15595 %
  Global Horizontal Routing Utilization  = 1.26172 %
  Routable Net Status*
  *Does not include unroutable nets such as driverless and loadless.
  Run report_route_status for detailed report.
  Number of Failed Nets               = 0
    (Failed Nets is the sum of unrouted and partially routed nets)
  Number of Unrouted Nets             = 0
  Number of Partially Routed Nets     = 0
  Number of Node Overlaps             = 0

Phase 7 Route finalize | Checksum: 2e3e9a40d

Time (s): cpu = 00:00:36 ; elapsed = 00:00:46 . Memory (MB): peak = 2709.895 ; gain = 433.703

Phase 8 Verifying routed nets

 Verification completed successfully
Phase 8 Verifying routed nets | Checksum: 2e3e9a40d

Time (s): cpu = 00:00:36 ; elapsed = 00:00:46 . Memory (MB): peak = 2709.895 ; gain = 433.703

Phase 9 Depositing Routes
Phase 9 Depositing Routes | Checksum: 28125fdf9

Time (s): cpu = 00:00:37 ; elapsed = 00:00:46 . Memory (MB): peak = 2709.895 ; gain = 433.703

Phase 10 Post Router Timing
INFO: [Route 35-20] Post Routing Timing Summary | WNS=0.032  | TNS=0.000  | WHS=0.084  | THS=0.000  |

Phase 10 Post Router Timing | Checksum: 2a074926b

Time (s): cpu = 00:00:37 ; elapsed = 00:00:47 . Memory (MB): peak = 2709.895 ; gain = 433.703
INFO: [Route 35-61] The design met the timing requirement.
INFO: [Route 35-16] Router Completed Successfully

Phase 11 Post-Route Event Processing
Phase 11 Post-Route Event Processing | Checksum: 1d3287e4c

Time (s): cpu = 00:00:37 ; elapsed = 00:00:47 . Memory (MB): peak = 2709.895 ; gain = 433.703
Ending Routing Task | Checksum: 1d3287e4c

Time (s): cpu = 00:00:38 ; elapsed = 00:00:47 . Memory (MB): peak = 2709.895 ; gain = 433.703

Routing Is Done.
INFO: [Common 17-83] Releasing license: Implementation
114 Infos, 0 Warnings, 0 Critical Warnings and 0 Errors encountered.
route_design completed successfully
route_design: Time (s): cpu = 00:00:40 ; elapsed = 00:00:49 . Memory (MB): peak = 2709.895 ; gain = 433.703
INFO: [runtcl-4] Executing : report_drc -file top_drc_routed.rpt -pb top_drc_routed.pb -rpx top_drc_routed.rpx
Command: report_drc -file top_drc_routed.rpt -pb top_drc_routed.pb -rpx top_drc_routed.rpx
INFO: [IP_Flow 19-1839] IP Catalog is up to date.
INFO: [DRC 23-27] Running DRC with 8 threads
INFO: [Vivado_Tcl 2-168] The results of DRC are in file C:/Users/hp/Downloads/digital_twin/digital_twin.runs/impl_1/top_drc_routed.rpt.
report_drc completed successfully
INFO: [runtcl-4] Executing : report_methodology -file top_methodology_drc_routed.rpt -pb top_methodology_drc_routed.pb -rpx top_methodology_drc_routed.rpx
Command: report_methodology -file top_methodology_drc_routed.rpt -pb top_methodology_drc_routed.pb -rpx top_methodology_drc_routed.rpx
INFO: [Timing 38-35] Done setting XDC timing constraints.
INFO: [DRC 23-133] Running Methodology with 8 threads
INFO: [Vivado_Tcl 2-1520] The results of Report Methodology are in file C:/Users/hp/Downloads/digital_twin/digital_twin.runs/impl_1/top_methodology_drc_routed.rpt.
report_methodology completed successfully
INFO: [runtcl-4] Executing : report_power -file top_power_routed.rpt -pb top_power_summary_routed.pb -rpx top_power_routed.rpx
Command: report_power -file top_power_routed.rpt -pb top_power_summary_routed.pb -rpx top_power_routed.rpx
INFO: [Timing 38-35] Done setting XDC timing constraints.
Running Vector-less Activity Propagation...

Finished Running Vector-less Activity Propagation
WARNING: [Power 33-332] Found switching activity that implies high-fanout reset nets being asserted for excessive periods of time which may result in inaccurate power analysis.
Resolution: To review and fix problems, please run Power Constraints Advisor in the GUI from Tools > Power Constraints Advisor or run report_power with the -advisory option to generate a text report.
124 Infos, 1 Warnings, 0 Critical Warnings and 0 Errors encountered.
report_power completed successfully
INFO: [runtcl-4] Executing : report_route_status -file top_route_status.rpt -pb top_route_status.pb
INFO: [runtcl-4] Executing : report_timing_summary -max_paths 10 -report_unconstrained -file top_timing_summary_routed.rpt -pb top_timing_summary_routed.pb -rpx top_timing_summary_routed.rpx -warn_on_violation 
INFO: [Timing 38-91] UpdateTimingParams: Speed grade: -2, Delay Type: min_max.
INFO: [Timing 38-191] Multithreading enabled for timing update using a maximum of 8 CPUs
INFO: [runtcl-4] Executing : report_incremental_reuse -file top_incremental_reuse_routed.rpt
INFO: [Vivado_Tcl 4-1062] Incremental flow is disabled. No incremental reuse Info to report.
INFO: [runtcl-4] Executing : report_clock_utilization -file top_clock_utilization_routed.rpt
INFO: [runtcl-4] Executing : report_bus_skew -warn_on_violation -file top_bus_skew_routed.rpt -pb top_bus_skew_routed.pb -rpx top_bus_skew_routed.rpx
INFO: [Timing 38-91] UpdateTimingParams: Speed grade: -2, Delay Type: min_max.
INFO: [Timing 38-191] Multithreading enabled for timing update using a maximum of 8 CPUs
INFO: [Timing 38-480] Writing timing data to binary archive.
Write ShapeDB Complete: Time (s): cpu = 00:00:00 ; elapsed = 00:00:00.018 . Memory (MB): peak = 2709.895 ; gain = 0.000
Wrote PlaceDB: Time (s): cpu = 00:00:01 ; elapsed = 00:00:00.394 . Memory (MB): peak = 2709.895 ; gain = 0.000
Wrote PulsedLatchDB: Time (s): cpu = 00:00:00 ; elapsed = 00:00:00 . Memory (MB): peak = 2709.895 ; gain = 0.000
Writing XDEF routing.
Writing XDEF routing logical nets.
Writing XDEF routing special nets.
Wrote RouteStorage: Time (s): cpu = 00:00:01 ; elapsed = 00:00:00.086 . Memory (MB): peak = 2709.895 ; gain = 0.000
Wrote Netlist Cache: Time (s): cpu = 00:00:00 ; elapsed = 00:00:00.009 . Memory (MB): peak = 2709.895 ; gain = 0.000
Wrote Device Cache: Time (s): cpu = 00:00:00 ; elapsed = 00:00:00.003 . Memory (MB): peak = 2709.895 ; gain = 0.000
Write Physdb Complete: Time (s): cpu = 00:00:02 ; elapsed = 00:00:00.503 . Memory (MB): peak = 2709.895 ; gain = 0.000
INFO: [Common 17-1381] The checkpoint 'C:/Users/hp/Downloads/digital_twin/digital_twin.runs/impl_1/top_routed.dcp' has been generated.
INFO: [Common 17-206] Exiting Vivado at Tue Jun  2 20:47:33 2026...
[Tue Jun  2 20:47:34 2026] impl_1 finished
wait_on_runs: Time (s): cpu = 00:00:00 ; elapsed = 00:10:03 . Memory (MB): peak = 970.297 ; gain = 0.000
# set impl_status [get_property STATUS [get_runs impl_1]]
# puts "CLK2_IMPL_STATUS freq_mhz=$freq_mhz status=\"$impl_status\""
CLK2_IMPL_STATUS freq_mhz=212 status="route_design Complete!"
# if {![regexp -nocase {complete} $impl_status]} {
#     close_project
#     exit 2
# }
# open_run impl_1
Netlist sorting complete. Time (s): cpu = 00:00:00 ; elapsed = 00:00:00.102 . Memory (MB): peak = 985.273 ; gain = 0.000
INFO: [Netlist 29-17] Analyzing 422 Unisim elements for replacement
INFO: [Netlist 29-28] Unisim Transformation completed in 0 CPU seconds
INFO: [Project 1-479] Netlist was created with Vivado 2023.2
INFO: [Project 1-570] Preparing netlist for logic optimization
Read ShapeDB Complete: Time (s): cpu = 00:00:00 ; elapsed = 00:00:00.015 . Memory (MB): peak = 1093.008 ; gain = 1.629
INFO: [Timing 38-478] Restoring timing data from binary archive.
INFO: [Timing 38-479] Binary timing data restore complete.
INFO: [Project 1-856] Restoring constraints from binary archive.
INFO: [Project 1-853] Binary constraint restore complete.
INFO: [Designutils 20-5722] Start Reading Physical Databases.
Reading placement.
Read Netlist Cache: Time (s): cpu = 00:00:00 ; elapsed = 00:00:00.009 . Memory (MB): peak = 1732.121 ; gain = 0.000
Reading placer database...
Read Device Cache: Time (s): cpu = 00:00:00 ; elapsed = 00:00:00.007 . Memory (MB): peak = 1732.121 ; gain = 0.000
Read PlaceDB: Time (s): cpu = 00:00:00 ; elapsed = 00:00:00.228 . Memory (MB): peak = 1732.121 ; gain = 0.000
Read PulsedLatchDB: Time (s): cpu = 00:00:00 ; elapsed = 00:00:00 . Memory (MB): peak = 1732.121 ; gain = 0.000
Reading routing.
Read RouteStorage: Time (s): cpu = 00:00:00 ; elapsed = 00:00:00.132 . Memory (MB): peak = 1732.121 ; gain = 0.000
Read Physdb Files: Time (s): cpu = 00:00:00 ; elapsed = 00:00:00.396 . Memory (MB): peak = 1732.121 ; gain = 0.000
Restored from archive | CPU: 0.000000 secs | Memory: 0.000000 MB |
Finished XDEF File Restore: Time (s): cpu = 00:00:00 ; elapsed = 00:00:00.439 . Memory (MB): peak = 1732.121 ; gain = 4.949
Netlist sorting complete. Time (s): cpu = 00:00:00 ; elapsed = 00:00:00.002 . Memory (MB): peak = 1732.121 ; gain = 0.000
INFO: [Project 1-111] Unisim Transformation Summary:
  A total of 33 instances were transformed.
  RAM128X1D => RAM128X1D (MUXF7(x2), RAMD64E(x4)): 12 instances
  RAM32M => RAM32M (RAMD32(x6), RAMS32(x2)): 15 instances
  RAM32X1D => RAM32X1D (RAMD32(x2)): 6 instances

open_run: Time (s): cpu = 00:00:07 ; elapsed = 00:00:08 . Memory (MB): peak = 1732.121 ; gain = 761.824
# set timing_summary "$report_dir/top_timing_summary_clk2_${tag}.rpt"
# report_timing_summary -delay_type min_max -max_paths 80 -nworst 10 -file $timing_summary
INFO: [Timing 38-91] UpdateTimingParams: Speed grade: -2, Delay Type: min_max.
INFO: [Timing 38-191] Multithreading enabled for timing update using a maximum of 8 CPUs
# report_timing -delay_type max -sort_by group -max_paths 20 -nworst 5 \
#     -path_type full_clock_expanded \
#     -file "$report_dir/top_timing_max_clk2_${tag}.rpt"
INFO: [Timing 38-91] UpdateTimingParams: Speed grade: -2, Delay Type: max.
INFO: [Timing 38-191] Multithreading enabled for timing update using a maximum of 8 CPUs
INFO: [Timing 38-78] ReportTimingParams: -max_paths 20 -nworst 5 -delay_type max -sort_by group.
# report_timing -delay_type min -sort_by group -max_paths 20 -nworst 5 \
#     -path_type full_clock_expanded \
#     -file "$report_dir/top_timing_min_clk2_${tag}.rpt"
INFO: [Timing 38-91] UpdateTimingParams: Speed grade: -2, Delay Type: min.
INFO: [Timing 38-191] Multithreading enabled for timing update using a maximum of 8 CPUs
INFO: [Timing 38-78] ReportTimingParams: -max_paths 20 -nworst 5 -delay_type min -sort_by group.
# report_route_status -file "$report_dir/top_route_status_clk2_${tag}.rpt"
# set setup_paths [get_timing_paths -delay_type max -max_paths 1]
# if {[llength $setup_paths] > 0} {
#     set wns [get_property SLACK [lindex $setup_paths 0]]
# } else {
#     set wns "NA"
# }
# set hold_paths [get_timing_paths -delay_type min -max_paths 1]
# if {[llength $hold_paths] > 0} {
#     set whs [get_property SLACK [lindex $hold_paths 0]]
# } else {
#     set whs "NA"
# }
# set period_ns "NA"
# set actual_mhz "NA"
# set clk2 [get_clocks clk_out2_pll]
# if {[llength $clk2] > 0} {
#     set period_ns [get_property PERIOD [lindex $clk2 0]]
#     set actual_mhz [format "%.6f" [expr {1000.0 / $period_ns}]]
# }
# set timing_met 0
# if {$wns ne "NA" && $whs ne "NA"} {
#     if {[expr {$wns >= 0.0}] && [expr {$whs >= 0.0}]} {
#         set timing_met 1
#     }
# }
# puts "CLK2_RESULT freq_mhz=$freq_mhz actual_mhz=$actual_mhz period_ns=$period_ns status=\"$impl_status\" wns=$wns whs=$whs timing_met=$timing_met report=$timing_summary"
CLK2_RESULT freq_mhz=212 actual_mhz=212.494688 period_ns=4.706 status="route_design Complete!" wns=0.032 whs=0.084 timing_met=1 report=C:/Users/hp/Downloads/digital_twin/digital_twin.srcs/sources_1/vivado_clk2_sweep/top_timing_summary_clk2_212.rpt
# close_project
# exit 0
INFO: [Common 17-206] Exiting Vivado at Tue Jun  2 20:47:44 2026...
