ECHO 处于关闭状态。
ECHO 处于关闭状态。

****** Vivado v2023.2 (64-bit)
  **** SW Build 4029153 on Fri Oct 13 20:14:34 MDT 2023
  **** IP Build 4028589 on Sat Oct 14 00:45:43 MDT 2023
  **** SharedData Build 4025554 on Tue Oct 10 17:18:54 MDT 2023
    ** Copyright 1986-2022 Xilinx, Inc. All Rights Reserved.
    ** Copyright 2022-2023 Advanced Micro Devices, Inc. All Rights Reserved.

source C:/Users/hp/Downloads/digital_twin/digital_twin.srcs/sources_1/new/run_impl_timing.tcl
# set project_path "C:/Users/hp/Downloads/digital_twin/digital_twin.xpr"
# if {[llength $argv] >= 1} {
#     set project_path [lindex $argv 0]
# }
# set report_dir "C:/Users/hp/Downloads/digital_twin/digital_twin.srcs/sources_1/vivado_timing"
# file mkdir $report_dir
# open_project $project_path
Scanning sources...
Finished scanning sources
INFO: [IP_Flow 19-234] Refreshing IP repositories
INFO: [IP_Flow 19-1704] No user IP repositories specified
INFO: [IP_Flow 19-2313] Loaded Vivado IP repository 'E:/Vivado/Vivado/2023.2/data/ip'.
open_project: Time (s): cpu = 00:00:04 ; elapsed = 00:00:07 . Memory (MB): peak = 479.531 ; gain = 201.855
# set_param general.maxThreads 8
# reset_run synth_1
# reset_run impl_1
# launch_runs impl_1 -to_step route_design -jobs 8
INFO: [Vivado 12-4149] The synthesis checkpoint for IP 'C:/Users/hp/Downloads/digital_twin/digital_twin.srcs/sources_1/ip/pll_1/pll.xci' is already up-to-date
[Tue Jun  2 20:13:29 2026] Launched synth_1...
Run output will be captured here: C:/Users/hp/Downloads/digital_twin/digital_twin.runs/synth_1/runme.log
[Tue Jun  2 20:13:29 2026] Launched impl_1...
Run output will be captured here: C:/Users/hp/Downloads/digital_twin/digital_twin.runs/impl_1/runme.log
# wait_on_run impl_1
[Tue Jun  2 20:13:29 2026] Waiting for impl_1 to finish...

ECHO 处于关闭状态。
ECHO 处于关闭状态。

*** Running vivado
    with args -log top.vdi -applog -m64 -product Vivado -messageDb vivado.pb -mode batch -source top.tcl -notrace


ECHO 处于关闭状态。
ECHO 处于关闭状态。

****** Vivado v2023.2 (64-bit)
  **** SW Build 4029153 on Fri Oct 13 20:14:34 MDT 2023
  **** IP Build 4028589 on Sat Oct 14 00:45:43 MDT 2023
  **** SharedData Build 4025554 on Tue Oct 10 17:18:54 MDT 2023
    ** Copyright 1986-2022 Xilinx, Inc. All Rights Reserved.
    ** Copyright 2022-2023 Advanced Micro Devices, Inc. All Rights Reserved.

source top.tcl -notrace
create_project: Time (s): cpu = 00:00:06 ; elapsed = 00:00:06 . Memory (MB): peak = 464.320 ; gain = 184.320
Command: link_design -top top -part xc7k325tffg900-2
Design is defaulting to srcset: sources_1
Design is defaulting to constrset: constrs_1
INFO: [Device 21-403] Loading part xc7k325tffg900-2
INFO: [Project 1-454] Reading design checkpoint 'c:/Users/hp/Downloads/digital_twin/digital_twin.gen/sources_1/ip/pll/pll.dcp' for cell 'pll_inst'
INFO: [Project 1-454] Reading design checkpoint 'c:/Users/hp/Downloads/digital_twin/digital_twin.gen/sources_1/ip/Mem_IROM_2/Mem_IROM.dcp' for cell 'student_top_inst/Mem_IROM'
INFO: [Project 1-454] Reading design checkpoint 'c:/Users/hp/Downloads/digital_twin/digital_twin.gen/sources_1/ip/Mem_RAM/Mem_RAM.dcp' for cell 'student_top_inst/bridge_inst/dram_driver_inst/Mem_DRAM'
Netlist sorting complete. Time (s): cpu = 00:00:00 ; elapsed = 00:00:00.287 . Memory (MB): peak = 967.195 ; gain = 0.000
INFO: [Netlist 29-17] Analyzing 518 Unisim elements for replacement
INFO: [Netlist 29-28] Unisim Transformation completed in 0 CPU seconds
INFO: [Project 1-479] Netlist was created with Vivado 2023.2
INFO: [Project 1-570] Preparing netlist for logic optimization
Parsing XDC File [c:/Users/hp/Downloads/digital_twin/digital_twin.gen/sources_1/ip/pll/pll_board.xdc] for cell 'pll_inst/inst'
Finished Parsing XDC File [c:/Users/hp/Downloads/digital_twin/digital_twin.gen/sources_1/ip/pll/pll_board.xdc] for cell 'pll_inst/inst'
Parsing XDC File [c:/Users/hp/Downloads/digital_twin/digital_twin.gen/sources_1/ip/pll/pll.xdc] for cell 'pll_inst/inst'
INFO: [Timing 38-35] Done setting XDC timing constraints. [c:/Users/hp/Downloads/digital_twin/digital_twin.gen/sources_1/ip/pll/pll.xdc:54]
INFO: [Timing 38-2] Deriving generated clocks [c:/Users/hp/Downloads/digital_twin/digital_twin.gen/sources_1/ip/pll/pll.xdc:54]
get_clocks: Time (s): cpu = 00:00:15 ; elapsed = 00:00:17 . Memory (MB): peak = 1706.762 ; gain = 604.637
Finished Parsing XDC File [c:/Users/hp/Downloads/digital_twin/digital_twin.gen/sources_1/ip/pll/pll.xdc] for cell 'pll_inst/inst'
Parsing XDC File [C:/Users/hp/Downloads/digital_twin/digital_twin.srcs/constrs_1/new/digital_twin.xdc]
Finished Parsing XDC File [C:/Users/hp/Downloads/digital_twin/digital_twin.srcs/constrs_1/new/digital_twin.xdc]
INFO: [Opt 31-138] Pushed 0 inverter(s) to 0 load pin(s).
Netlist sorting complete. Time (s): cpu = 00:00:00 ; elapsed = 00:00:00.006 . Memory (MB): peak = 1706.762 ; gain = 0.000
INFO: [Project 1-111] Unisim Transformation Summary:
  A total of 33 instances were transformed.
  RAM128X1D => RAM128X1D (MUXF7(x2), RAMD64E(x4)): 12 instances
  RAM32M => RAM32M (RAMD32(x6), RAMS32(x2)): 15 instances
  RAM32X1D => RAM32X1D (RAMD32(x2)): 6 instances

系统找不到指定的路径。
12 Infos, 0 Warnings, 0 Critical Warnings and 0 Errors encountered.
link_design completed successfully
link_design: Time (s): cpu = 00:00:28 ; elapsed = 00:00:34 . Memory (MB): peak = 1706.762 ; gain = 1227.945
Command: opt_design
Attempting to get a license for feature 'Implementation' and/or device 'xc7k325t'
INFO: [Common 17-349] Got license for feature 'Implementation' and/or device 'xc7k325t'
Running DRC as a precondition to command opt_design

Starting DRC Task
INFO: [DRC 23-27] Running DRC with 8 threads
INFO: [Project 1-461] DRC finished with 0 Errors
INFO: [Project 1-462] Please refer to the DRC report (report_drc) for more information.

Time (s): cpu = 00:00:03 ; elapsed = 00:00:02 . Memory (MB): peak = 1706.762 ; gain = 0.000

Starting Cache Timing Information Task
INFO: [Timing 38-35] Done setting XDC timing constraints.
Ending Cache Timing Information Task | Checksum: 141dad915

Time (s): cpu = 00:00:01 ; elapsed = 00:00:00.584 . Memory (MB): peak = 1726.984 ; gain = 20.223

Starting Logic Optimization Task

Phase 1 Initialization

Phase 1.1 Core Generation And Design Setup
Phase 1.1 Core Generation And Design Setup | Checksum: 141dad915

Time (s): cpu = 00:00:00 ; elapsed = 00:00:00.003 . Memory (MB): peak = 2100.152 ; gain = 0.000

Phase 1.2 Setup Constraints And Sort Netlist
Phase 1.2 Setup Constraints And Sort Netlist | Checksum: 141dad915

Time (s): cpu = 00:00:00 ; elapsed = 00:00:00.014 . Memory (MB): peak = 2100.152 ; gain = 0.000
Phase 1 Initialization | Checksum: 141dad915

Time (s): cpu = 00:00:00 ; elapsed = 00:00:00.016 . Memory (MB): peak = 2100.152 ; gain = 0.000

Phase 2 Timer Update And Timing Data Collection

Phase 2.1 Timer Update
Phase 2.1 Timer Update | Checksum: 141dad915

Time (s): cpu = 00:00:00 ; elapsed = 00:00:00.234 . Memory (MB): peak = 2100.152 ; gain = 0.000

Phase 2.2 Timing Data Collection
Phase 2.2 Timing Data Collection | Checksum: 141dad915

Time (s): cpu = 00:00:00 ; elapsed = 00:00:00.273 . Memory (MB): peak = 2100.152 ; gain = 0.000
Phase 2 Timer Update And Timing Data Collection | Checksum: 141dad915

Time (s): cpu = 00:00:00 ; elapsed = 00:00:00.275 . Memory (MB): peak = 2100.152 ; gain = 0.000

Phase 3 Retarget
INFO: [Opt 31-1566] Pulled 1 inverters resulting in an inversion of 8 pins
INFO: [Opt 31-138] Pushed 12 inverter(s) to 46 load pin(s).
INFO: [Opt 31-49] Retargeted 0 cell(s).
Phase 3 Retarget | Checksum: 772628b5

Time (s): cpu = 00:00:01 ; elapsed = 00:00:00.831 . Memory (MB): peak = 2100.152 ; gain = 0.000
Retarget | Checksum: 772628b5
INFO: [Opt 31-389] Phase Retarget created 0 cells and removed 482 cells
INFO: [Opt 31-1021] In phase Retarget, 1 netlist objects are constrained preventing optimization. Please run opt_design with -debug_log to get more detail. 

Phase 4 Constant propagation
INFO: [Opt 31-138] Pushed 0 inverter(s) to 0 load pin(s).
Phase 4 Constant propagation | Checksum: 6930d7a2

Time (s): cpu = 00:00:01 ; elapsed = 00:00:00.996 . Memory (MB): peak = 2100.152 ; gain = 0.000
Constant propagation | Checksum: 6930d7a2
INFO: [Opt 31-389] Phase Constant propagation created 38 cells and removed 43 cells

Phase 5 Sweep
Phase 5 Sweep | Checksum: 7dea982e

Time (s): cpu = 00:00:01 ; elapsed = 00:00:01 . Memory (MB): peak = 2100.152 ; gain = 0.000
Sweep | Checksum: 7dea982e
INFO: [Opt 31-389] Phase Sweep created 68 cells and removed 355 cells

Phase 6 BUFG optimization
Phase 6 BUFG optimization | Checksum: 7dea982e

Time (s): cpu = 00:00:02 ; elapsed = 00:00:02 . Memory (MB): peak = 2100.152 ; gain = 0.000
BUFG optimization | Checksum: 7dea982e
INFO: [Opt 31-662] Phase BUFG optimization created 0 cells of which 0 are BUFGs and removed 0 cells.

Phase 7 Shift Register Optimization
INFO: [Opt 31-1064] SRL Remap converted 0 SRLs to 0 registers and converted 0 registers of register chains to 0 SRLs
Phase 7 Shift Register Optimization | Checksum: 7dea982e

Time (s): cpu = 00:00:02 ; elapsed = 00:00:02 . Memory (MB): peak = 2100.152 ; gain = 0.000
Shift Register Optimization | Checksum: 7dea982e
INFO: [Opt 31-389] Phase Shift Register Optimization created 0 cells and removed 0 cells

Phase 8 Post Processing Netlist
Phase 8 Post Processing Netlist | Checksum: 7dea982e

Time (s): cpu = 00:00:02 ; elapsed = 00:00:02 . Memory (MB): peak = 2100.152 ; gain = 0.000
Post Processing Netlist | Checksum: 7dea982e
INFO: [Opt 31-389] Phase Post Processing Netlist created 0 cells and removed 0 cells

Phase 9 Finalization

Phase 9.1 Finalizing Design Cores and Updating Shapes
Phase 9.1 Finalizing Design Cores and Updating Shapes | Checksum: 1f89c40a1

Time (s): cpu = 00:00:02 ; elapsed = 00:00:02 . Memory (MB): peak = 2100.152 ; gain = 0.000

Phase 9.2 Verifying Netlist Connectivity

Starting Connectivity Check Task

Time (s): cpu = 00:00:00 ; elapsed = 00:00:00.021 . Memory (MB): peak = 2100.152 ; gain = 0.000
Phase 9.2 Verifying Netlist Connectivity | Checksum: 1f89c40a1

Time (s): cpu = 00:00:02 ; elapsed = 00:00:02 . Memory (MB): peak = 2100.152 ; gain = 0.000
Phase 9 Finalization | Checksum: 1f89c40a1

Time (s): cpu = 00:00:02 ; elapsed = 00:00:02 . Memory (MB): peak = 2100.152 ; gain = 0.000
Opt_design Change Summary
=========================


-------------------------------------------------------------------------------------------------------------------------
|  Phase                        |  #Cells created  |  #Cells Removed  |  #Constrained objects preventing optimizations  |
-------------------------------------------------------------------------------------------------------------------------
|  Retarget                     |               0  |             482  |                                              1  |
|  Constant propagation         |              38  |              43  |                                              0  |
|  Sweep                        |              68  |             355  |                                              0  |
|  BUFG optimization            |               0  |               0  |                                              0  |
|  Shift Register Optimization  |               0  |               0  |                                              0  |
|  Post Processing Netlist      |               0  |               0  |                                              0  |
-------------------------------------------------------------------------------------------------------------------------


Ending Logic Optimization Task | Checksum: 1f89c40a1

Time (s): cpu = 00:00:02 ; elapsed = 00:00:02 . Memory (MB): peak = 2100.152 ; gain = 0.000
INFO: [Constraints 18-11670] Building netlist checker database with flags, 0x8
Done building netlist checker database: Time (s): cpu = 00:00:00 ; elapsed = 00:00:00.006 . Memory (MB): peak = 2100.152 ; gain = 0.000

Starting Power Optimization Task
INFO: [Pwropt 34-132] Skipping clock gating for clocks with a period < 2.00 ns.
INFO: [Timing 38-35] Done setting XDC timing constraints.
Running Vector-less Activity Propagation...

Finished Running Vector-less Activity Propagation
INFO: [Pwropt 34-9] Applying IDT optimizations ...
INFO: [Pwropt 34-10] Applying ODC optimizations ...


Starting PowerOpt Patch Enables Task
INFO: [Pwropt 34-162] WRITE_MODE attribute of 64 BRAM(s) out of a total of 68 has been updated to save power. Run report_power_opt to get a complete listing of the BRAMs updated.
INFO: [Pwropt 34-201] Structural ODC has moved 0 WE to EN ports
Number of BRAM Ports augmented: 64 newly gated: 0 Total Ports: 136
Ending PowerOpt Patch Enables Task | Checksum: 11cbe8900

Time (s): cpu = 00:00:00 ; elapsed = 00:00:00.707 . Memory (MB): peak = 2280.137 ; gain = 0.000
Ending Power Optimization Task | Checksum: 11cbe8900

Time (s): cpu = 00:00:12 ; elapsed = 00:00:11 . Memory (MB): peak = 2280.137 ; gain = 179.984

Starting Final Cleanup Task

Starting Logic Optimization Task
INFO: [Timing 38-35] Done setting XDC timing constraints.
Ending Logic Optimization Task | Checksum: 17e8fbd91

Time (s): cpu = 00:00:01 ; elapsed = 00:00:01 . Memory (MB): peak = 2280.137 ; gain = 0.000
INFO: [Constraints 18-11670] Building netlist checker database with flags, 0x8
Done building netlist checker database: Time (s): cpu = 00:00:00 ; elapsed = 00:00:00.007 . Memory (MB): peak = 2280.137 ; gain = 0.000
Ending Final Cleanup Task | Checksum: 17e8fbd91

Time (s): cpu = 00:00:06 ; elapsed = 00:00:07 . Memory (MB): peak = 2280.137 ; gain = 0.000

Starting Netlist Obfuscation Task
Netlist sorting complete. Time (s): cpu = 00:00:01 ; elapsed = 00:00:00.005 . Memory (MB): peak = 2280.137 ; gain = 0.000
Ending Netlist Obfuscation Task | Checksum: 17e8fbd91

Time (s): cpu = 00:00:01 ; elapsed = 00:00:00.007 . Memory (MB): peak = 2280.137 ; gain = 0.000
INFO: [Common 17-83] Releasing license: Implementation
39 Infos, 0 Warnings, 0 Critical Warnings and 0 Errors encountered.
opt_design completed successfully
opt_design: Time (s): cpu = 00:00:30 ; elapsed = 00:00:28 . Memory (MB): peak = 2280.137 ; gain = 573.375
INFO: [runtcl-4] Executing : report_drc -file top_drc_opted.rpt -pb top_drc_opted.pb -rpx top_drc_opted.rpx
Command: report_drc -file top_drc_opted.rpt -pb top_drc_opted.pb -rpx top_drc_opted.rpx
INFO: [IP_Flow 19-1839] IP Catalog is up to date.
INFO: [DRC 23-27] Running DRC with 8 threads
INFO: [Vivado_Tcl 2-168] The results of DRC are in file C:/Users/hp/Downloads/digital_twin/digital_twin.runs/impl_1/top_drc_opted.rpt.
report_drc completed successfully
INFO: [Timing 38-35] Done setting XDC timing constraints.
INFO: [Timing 38-480] Writing timing data to binary archive.
Wrote PlaceDB: Time (s): cpu = 00:00:00 ; elapsed = 00:00:00.013 . Memory (MB): peak = 2280.137 ; gain = 0.000
Write ShapeDB Complete: Time (s): cpu = 00:00:00 ; elapsed = 00:00:00.022 . Memory (MB): peak = 2280.137 ; gain = 0.000
Wrote PulsedLatchDB: Time (s): cpu = 00:00:00 ; elapsed = 00:00:00 . Memory (MB): peak = 2280.137 ; gain = 0.000
Writing XDEF routing.
Writing XDEF routing logical nets.
Writing XDEF routing special nets.
Wrote RouteStorage: Time (s): cpu = 00:00:00 ; elapsed = 00:00:00.037 . Memory (MB): peak = 2280.137 ; gain = 0.000
Wrote Netlist Cache: Time (s): cpu = 00:00:00 ; elapsed = 00:00:00.001 . Memory (MB): peak = 2280.137 ; gain = 0.000
Wrote Device Cache: Time (s): cpu = 00:00:01 ; elapsed = 00:00:00.009 . Memory (MB): peak = 2280.137 ; gain = 0.000
Write Physdb Complete: Time (s): cpu = 00:00:01 ; elapsed = 00:00:00.072 . Memory (MB): peak = 2280.137 ; gain = 0.000
INFO: [Common 17-1381] The checkpoint 'C:/Users/hp/Downloads/digital_twin/digital_twin.runs/impl_1/top_opt.dcp' has been generated.
Command: place_design -directive ExtraNetDelay_high
Attempting to get a license for feature 'Implementation' and/or device 'xc7k325t'
INFO: [Common 17-349] Got license for feature 'Implementation' and/or device 'xc7k325t'
INFO: [Common 17-83] Releasing license: Implementation
INFO: [DRC 23-27] Running DRC with 8 threads
INFO: [Vivado_Tcl 4-198] DRC finished with 0 Errors
INFO: [Vivado_Tcl 4-199] Please refer to the DRC report (report_drc) for more information.
Running DRC as a precondition to command place_design
INFO: [DRC 23-27] Running DRC with 8 threads
INFO: [Vivado_Tcl 4-198] DRC finished with 0 Errors
INFO: [Vivado_Tcl 4-199] Please refer to the DRC report (report_drc) for more information.
INFO: [Place 46-5] The placer was invoked with the 'ExtraNetDelay_high' directive.
INFO: [Place 30-611] Multithreading enabled for place_design using a maximum of 8 CPUs

Starting Placer Task

Phase 1 Placer Initialization

Phase 1.1 Placer Initialization Netlist Sorting
Netlist sorting complete. Time (s): cpu = 00:00:00 ; elapsed = 00:00:00.007 . Memory (MB): peak = 2280.137 ; gain = 0.000
Phase 1.1 Placer Initialization Netlist Sorting | Checksum: e8d19f75

Time (s): cpu = 00:00:00 ; elapsed = 00:00:00.013 . Memory (MB): peak = 2280.137 ; gain = 0.000
Netlist sorting complete. Time (s): cpu = 00:00:00 ; elapsed = 00:00:00.008 . Memory (MB): peak = 2280.137 ; gain = 0.000

Phase 1.2 IO Placement/ Clock Placement/ Build Placer Device
Phase 1.2 IO Placement/ Clock Placement/ Build Placer Device | Checksum: 28e9260b

Time (s): cpu = 00:00:01 ; elapsed = 00:00:00.885 . Memory (MB): peak = 2280.137 ; gain = 0.000

Phase 1.3 Build Placer Netlist Model
Phase 1.3 Build Placer Netlist Model | Checksum: ce81fce4

Time (s): cpu = 00:00:04 ; elapsed = 00:00:04 . Memory (MB): peak = 2280.137 ; gain = 0.000

Phase 1.4 Constrain Clocks/Macros
Phase 1.4 Constrain Clocks/Macros | Checksum: ce81fce4

Time (s): cpu = 00:00:04 ; elapsed = 00:00:04 . Memory (MB): peak = 2280.137 ; gain = 0.000
Phase 1 Placer Initialization | Checksum: ce81fce4

Time (s): cpu = 00:00:04 ; elapsed = 00:00:04 . Memory (MB): peak = 2280.137 ; gain = 0.000

Phase 2 Global Placement

Phase 2.1 Floorplanning
Phase 2.1 Floorplanning | Checksum: c0f5d9d2

Time (s): cpu = 00:00:06 ; elapsed = 00:00:05 . Memory (MB): peak = 2280.137 ; gain = 0.000

Phase 2.2 Update Timing before SLR Path Opt
Phase 2.2 Update Timing before SLR Path Opt | Checksum: 6dc57cfe

Time (s): cpu = 00:00:06 ; elapsed = 00:00:06 . Memory (MB): peak = 2280.137 ; gain = 0.000

Phase 2.3 Post-Processing in Floorplanning
Phase 2.3 Post-Processing in Floorplanning | Checksum: 6dc57cfe

Time (s): cpu = 00:00:06 ; elapsed = 00:00:06 . Memory (MB): peak = 2280.137 ; gain = 0.000

Phase 2.4 Global Placement Core

Phase 2.4.1 UpdateTiming Before Physical Synthesis
Phase 2.4.1 UpdateTiming Before Physical Synthesis | Checksum: fad77c87

Time (s): cpu = 00:00:44 ; elapsed = 00:00:39 . Memory (MB): peak = 2280.137 ; gain = 0.000

Phase 2.4.2 Physical Synthesis In Placer
INFO: [Physopt 32-1035] Found 28 LUTNM shape to break, 756 LUT instances to create LUTNM shape
INFO: [Physopt 32-1044] Break lutnm for timing: one critical 13, two critical 15, total 28, new lutff created 2
INFO: [Physopt 32-1138] End 1 Pass. Optimized 352 nets or LUTs. Breaked 28 LUTs, combined 324 existing LUTs and moved 0 existing LUT
INFO: [Physopt 32-65] No nets found for high-fanout optimization.
INFO: [Physopt 32-232] Optimized 0 net. Created 0 new instance.
INFO: [Physopt 32-775] End 1 Pass. Optimized 0 net or cell. Created 0 new cell, deleted 0 existing cell and moved 0 existing cell
INFO: [Physopt 32-76] Pass 1. Identified 2 candidate nets for fanout optimization.
INFO: [Physopt 32-232] Optimized 0 net. Created 0 new instance.
INFO: [Physopt 32-775] End 1 Pass. Optimized 0 net or cell. Created 0 new cell, deleted 0 existing cell and moved 0 existing cell
Netlist sorting complete. Time (s): cpu = 00:00:00 ; elapsed = 00:00:00.025 . Memory (MB): peak = 2280.137 ; gain = 0.000
INFO: [Physopt 32-456] No candidate cells for DSP register optimization found in the design.
INFO: [Physopt 32-775] End 2 Pass. Optimized 0 net or cell. Created 0 new cell, deleted 0 existing cell and moved 0 existing cell
INFO: [Physopt 32-1123] No candidate cells found for Shift Register to Pipeline optimization
INFO: [Physopt 32-775] End 2 Pass. Optimized 0 net or cell. Created 0 new cell, deleted 0 existing cell and moved 0 existing cell
INFO: [Physopt 32-1401] No candidate cells found for Shift Register optimization.
INFO: [Physopt 32-677] No candidate cells for Shift Register optimization found in the design
INFO: [Physopt 32-775] End 1 Pass. Optimized 0 net or cell. Created 0 new cell, deleted 0 existing cell and moved 0 existing cell
INFO: [Physopt 32-526] No candidate cells for BRAM register optimization found in the design
INFO: [Physopt 32-775] End 1 Pass. Optimized 0 net or cell. Created 0 new cell, deleted 0 existing cell and moved 0 existing cell
INFO: [Physopt 32-846] No candidate cells for URAM register optimization found in the design
INFO: [Physopt 32-775] End 1 Pass. Optimized 0 net or cell. Created 0 new cell, deleted 0 existing cell and moved 0 existing cell
INFO: [Physopt 32-846] No candidate cells for URAM register optimization found in the design
INFO: [Physopt 32-775] End 1 Pass. Optimized 0 net or cell. Created 0 new cell, deleted 0 existing cell and moved 0 existing cell
INFO: [Physopt 32-949] No candidate nets found for dynamic/static region interface net replication
INFO: [Physopt 32-775] End 1 Pass. Optimized 0 net or cell. Created 0 new cell, deleted 0 existing cell and moved 0 existing cell
Netlist sorting complete. Time (s): cpu = 00:00:00 ; elapsed = 00:00:00.006 . Memory (MB): peak = 2280.137 ; gain = 0.000

Summary of Physical Synthesis Optimizations
============================================


-----------------------------------------------------------------------------------------------------------------------------------------------------------
|  Optimization                                     |  Added Cells  |  Removed Cells  |  Optimized Cells/Nets  |  Dont Touch  |  Iterations  |  Elapsed   |
-----------------------------------------------------------------------------------------------------------------------------------------------------------
|  LUT Combining                                    |           28  |            324  |                   352  |           0  |           1  |  00:00:01  |
|  Retime                                           |            0  |              0  |                     0  |           0  |           1  |  00:00:00  |
|  Very High Fanout                                 |            0  |              0  |                     0  |           0  |           1  |  00:00:00  |
|  Fanout                                           |            0  |              0  |                     0  |           0  |           1  |  00:00:00  |
|  DSP Register                                     |            0  |              0  |                     0  |           0  |           1  |  00:00:00  |
|  Shift Register to Pipeline                       |            0  |              0  |                     0  |           0  |           1  |  00:00:00  |
|  Shift Register                                   |            0  |              0  |                     0  |           0  |           1  |  00:00:00  |
|  BRAM Register                                    |            0  |              0  |                     0  |           0  |           1  |  00:00:00  |
|  URAM Register                                    |            0  |              0  |                     0  |           0  |           1  |  00:00:00  |
|  Dynamic/Static Region Interface Net Replication  |            0  |              0  |                     0  |           0  |           1  |  00:00:00  |
|  Total                                            |           28  |            324  |                   352  |           0  |          10  |  00:00:01  |
-----------------------------------------------------------------------------------------------------------------------------------------------------------


Phase 2.4.2 Physical Synthesis In Placer | Checksum: 115543a04

Time (s): cpu = 00:00:46 ; elapsed = 00:00:42 . Memory (MB): peak = 2280.137 ; gain = 0.000
Phase 2.4 Global Placement Core | Checksum: 20c8dc5a4

Time (s): cpu = 00:00:50 ; elapsed = 00:00:44 . Memory (MB): peak = 2280.137 ; gain = 0.000
Phase 2 Global Placement | Checksum: 20c8dc5a4

Time (s): cpu = 00:00:50 ; elapsed = 00:00:44 . Memory (MB): peak = 2280.137 ; gain = 0.000

Phase 3 Detail Placement

Phase 3.1 Commit Multi Column Macros
Phase 3.1 Commit Multi Column Macros | Checksum: 1ae163a6e

Time (s): cpu = 00:00:51 ; elapsed = 00:00:45 . Memory (MB): peak = 2280.137 ; gain = 0.000

Phase 3.2 Commit Most Macros & LUTRAMs
Phase 3.2 Commit Most Macros & LUTRAMs | Checksum: e8c4596c

Time (s): cpu = 00:00:51 ; elapsed = 00:00:47 . Memory (MB): peak = 2280.137 ; gain = 0.000

Phase 3.3 Area Swap Optimization
Phase 3.3 Area Swap Optimization | Checksum: 1234c0cd2

Time (s): cpu = 00:00:52 ; elapsed = 00:00:47 . Memory (MB): peak = 2280.137 ; gain = 0.000

Phase 3.4 Pipeline Register Optimization
Phase 3.4 Pipeline Register Optimization | Checksum: add8c812

Time (s): cpu = 00:00:52 ; elapsed = 00:00:47 . Memory (MB): peak = 2280.137 ; gain = 0.000

Phase 3.5 Fast Optimization
Phase 3.5 Fast Optimization | Checksum: ae8076ba

Time (s): cpu = 00:00:56 ; elapsed = 00:01:06 . Memory (MB): peak = 2280.137 ; gain = 0.000

Phase 3.6 Small Shape Detail Placement
Phase 3.6 Small Shape Detail Placement | Checksum: 1babe3d42

Time (s): cpu = 00:01:05 ; elapsed = 00:01:14 . Memory (MB): peak = 2280.137 ; gain = 0.000

Phase 3.7 Re-assign LUT pins
Phase 3.7 Re-assign LUT pins | Checksum: 1029468d7

Time (s): cpu = 00:01:06 ; elapsed = 00:01:14 . Memory (MB): peak = 2280.137 ; gain = 0.000

Phase 3.8 Pipeline Register Optimization
Phase 3.8 Pipeline Register Optimization | Checksum: e3de5456

Time (s): cpu = 00:01:06 ; elapsed = 00:01:15 . Memory (MB): peak = 2280.137 ; gain = 0.000

Phase 3.9 Fast Optimization
Phase 3.9 Fast Optimization | Checksum: 24f361ff1

Time (s): cpu = 00:01:14 ; elapsed = 00:01:37 . Memory (MB): peak = 2280.137 ; gain = 0.000
Phase 3 Detail Placement | Checksum: 24f361ff1

Time (s): cpu = 00:01:14 ; elapsed = 00:01:37 . Memory (MB): peak = 2280.137 ; gain = 0.000

Phase 4 Post Placement Optimization and Clean-Up

Phase 4.1 Post Commit Optimization
INFO: [Place 46-20] Placer is running with the ExtraNetDelay_high directive. Post Placement Optimization may take longer to complete with ExtraNetDelay_high compared to other directives.
INFO: [Timing 38-35] Done setting XDC timing constraints.

Phase 4.1.1 Post Placement Optimization
Post Placement Optimization Initialization | Checksum: 1a8d6c7d4

Phase 4.1.1.1 BUFG Insertion

Starting Physical Synthesis Task

Phase 1 Physical Synthesis Initialization
INFO: [Physopt 32-721] Multithreading enabled for phys_opt_design using a maximum of 8 CPUs
INFO: [Physopt 32-619] Estimated Timing Summary | WNS=-0.287 | TNS=-2.274 |
Phase 1 Physical Synthesis Initialization | Checksum: 1ad1f8a43

Time (s): cpu = 00:00:00 ; elapsed = 00:00:00.893 . Memory (MB): peak = 2280.137 ; gain = 0.000
INFO: [Place 46-56] BUFG insertion identified 0 candidate nets. Inserted BUFG: 0, Replicated BUFG Driver: 0, Skipped due to Placement/Routing Conflicts: 0, Skipped due to Timing Degradation: 0, Skipped due to netlist editing failed: 0.
Ending Physical Synthesis Task | Checksum: 1ad1f8a43

Time (s): cpu = 00:00:01 ; elapsed = 00:00:01 . Memory (MB): peak = 2280.137 ; gain = 0.000
Phase 4.1.1.1 BUFG Insertion | Checksum: 1a8d6c7d4

Time (s): cpu = 00:01:18 ; elapsed = 00:01:41 . Memory (MB): peak = 2280.137 ; gain = 0.000

Phase 4.1.1.2 Post Placement Timing Optimization
INFO: [Place 30-746] Post Placement Timing Summary WNS=0.299. For the most accurate timing information please run report_timing.
Phase 4.1.1.2 Post Placement Timing Optimization | Checksum: 1fb2c2410

Time (s): cpu = 00:06:23 ; elapsed = 00:07:44 . Memory (MB): peak = 2280.137 ; gain = 0.000

Time (s): cpu = 00:06:23 ; elapsed = 00:07:44 . Memory (MB): peak = 2280.137 ; gain = 0.000
Phase 4.1 Post Commit Optimization | Checksum: 1fb2c2410

Time (s): cpu = 00:06:24 ; elapsed = 00:07:44 . Memory (MB): peak = 2280.137 ; gain = 0.000

Phase 4.2 Post Placement Cleanup
Phase 4.2 Post Placement Cleanup | Checksum: 1fb2c2410

Time (s): cpu = 00:06:24 ; elapsed = 00:07:44 . Memory (MB): peak = 2280.137 ; gain = 0.000

Phase 4.3 Placer Reporting

Phase 4.3.1 Print Estimated Congestion
INFO: [Place 30-612] Post-Placement Estimated Congestion 
 ____________________________________________________
|           | Global Congestion | Short Congestion  |
| Direction | Region Size       | Region Size       |
|___________|___________________|___________________|
|      North|                1x1|                8x8|
|___________|___________________|___________________|
|      South|                1x1|                2x2|
|___________|___________________|___________________|
|       East|                4x4|                8x8|
|___________|___________________|___________________|
|       West|                1x1|                2x2|
|___________|___________________|___________________|

Phase 4.3.1 Print Estimated Congestion | Checksum: 1fb2c2410

Time (s): cpu = 00:06:24 ; elapsed = 00:07:44 . Memory (MB): peak = 2280.137 ; gain = 0.000
Phase 4.3 Placer Reporting | Checksum: 1fb2c2410

Time (s): cpu = 00:06:24 ; elapsed = 00:07:44 . Memory (MB): peak = 2280.137 ; gain = 0.000

Phase 4.4 Final Placement Cleanup
Netlist sorting complete. Time (s): cpu = 00:00:00 ; elapsed = 00:00:00.002 . Memory (MB): peak = 2280.137 ; gain = 0.000

Time (s): cpu = 00:06:24 ; elapsed = 00:07:44 . Memory (MB): peak = 2280.137 ; gain = 0.000
Phase 4 Post Placement Optimization and Clean-Up | Checksum: 285461a29

Time (s): cpu = 00:06:24 ; elapsed = 00:07:44 . Memory (MB): peak = 2280.137 ; gain = 0.000
Ending Placer Task | Checksum: 192ce4653

Time (s): cpu = 00:06:24 ; elapsed = 00:07:44 . Memory (MB): peak = 2280.137 ; gain = 0.000
87 Infos, 0 Warnings, 0 Critical Warnings and 0 Errors encountered.
place_design completed successfully
place_design: Time (s): cpu = 00:06:27 ; elapsed = 00:07:46 . Memory (MB): peak = 2280.137 ; gain = 0.000
INFO: [runtcl-4] Executing : report_io -file top_io_placed.rpt
report_io: Time (s): cpu = 00:00:00 ; elapsed = 00:00:00.107 . Memory (MB): peak = 2280.137 ; gain = 0.000
INFO: [runtcl-4] Executing : report_utilization -file top_utilization_placed.rpt -pb top_utilization_placed.pb
INFO: [runtcl-4] Executing : report_control_sets -verbose -file top_control_sets_placed.rpt
report_control_sets: Time (s): cpu = 00:00:00 ; elapsed = 00:00:00.021 . Memory (MB): peak = 2280.137 ; gain = 0.000
INFO: [Timing 38-480] Writing timing data to binary archive.
Write ShapeDB Complete: Time (s): cpu = 00:00:00 ; elapsed = 00:00:00.010 . Memory (MB): peak = 2280.137 ; gain = 0.000
Wrote PlaceDB: Time (s): cpu = 00:00:01 ; elapsed = 00:00:00.374 . Memory (MB): peak = 2280.137 ; gain = 0.000
Wrote PulsedLatchDB: Time (s): cpu = 00:00:00 ; elapsed = 00:00:00 . Memory (MB): peak = 2280.137 ; gain = 0.000
Writing XDEF routing.
Writing XDEF routing logical nets.
Writing XDEF routing special nets.
Wrote RouteStorage: Time (s): cpu = 00:00:00 ; elapsed = 00:00:00.015 . Memory (MB): peak = 2280.137 ; gain = 0.000
Wrote Netlist Cache: Time (s): cpu = 00:00:00 ; elapsed = 00:00:00.009 . Memory (MB): peak = 2280.137 ; gain = 0.000
Wrote Device Cache: Time (s): cpu = 00:00:00 ; elapsed = 00:00:00.004 . Memory (MB): peak = 2280.137 ; gain = 0.000
Write Physdb Complete: Time (s): cpu = 00:00:01 ; elapsed = 00:00:00.408 . Memory (MB): peak = 2280.137 ; gain = 0.000
INFO: [Common 17-1381] The checkpoint 'C:/Users/hp/Downloads/digital_twin/digital_twin.runs/impl_1/top_placed.dcp' has been generated.
Command: phys_opt_design -directive AggressiveExplore
Attempting to get a license for feature 'Implementation' and/or device 'xc7k325t'
INFO: [Common 17-349] Got license for feature 'Implementation' and/or device 'xc7k325t'
INFO: [Vivado_Tcl 4-137] Directive used for phys_opt_design is: AggressiveExplore

Starting Initial Update Timing Task

Time (s): cpu = 00:00:01 ; elapsed = 00:00:00.635 . Memory (MB): peak = 2280.137 ; gain = 0.000
INFO: [Vivado_Tcl 4-383] Design worst setup slack (WNS) is greater than or equal to 0.000 ns. Skipping all physical synthesis optimizations.
INFO: [Vivado_Tcl 4-232] No setup violation found. The netlist was not modified.
INFO: [Common 17-83] Releasing license: Implementation
97 Infos, 0 Warnings, 0 Critical Warnings and 0 Errors encountered.
phys_opt_design completed successfully
INFO: [Timing 38-480] Writing timing data to binary archive.
Write ShapeDB Complete: Time (s): cpu = 00:00:00 ; elapsed = 00:00:00.012 . Memory (MB): peak = 2280.137 ; gain = 0.000
Wrote PlaceDB: Time (s): cpu = 00:00:00 ; elapsed = 00:00:00.371 . Memory (MB): peak = 2280.137 ; gain = 0.000
Wrote PulsedLatchDB: Time (s): cpu = 00:00:00 ; elapsed = 00:00:00 . Memory (MB): peak = 2280.137 ; gain = 0.000
Writing XDEF routing.
Writing XDEF routing logical nets.
Writing XDEF routing special nets.
Wrote RouteStorage: Time (s): cpu = 00:00:00 ; elapsed = 00:00:00.014 . Memory (MB): peak = 2280.137 ; gain = 0.000
Wrote Netlist Cache: Time (s): cpu = 00:00:00 ; elapsed = 00:00:00.008 . Memory (MB): peak = 2280.137 ; gain = 0.000
Wrote Device Cache: Time (s): cpu = 00:00:00 ; elapsed = 00:00:00.003 . Memory (MB): peak = 2280.137 ; gain = 0.000
Write Physdb Complete: Time (s): cpu = 00:00:00 ; elapsed = 00:00:00.404 . Memory (MB): peak = 2280.137 ; gain = 0.000
INFO: [Common 17-1381] The checkpoint 'C:/Users/hp/Downloads/digital_twin/digital_twin.runs/impl_1/top_physopt.dcp' has been generated.
Command: route_design -directive NoTimingRelaxation
Attempting to get a license for feature 'Implementation' and/or device 'xc7k325t'
INFO: [Common 17-349] Got license for feature 'Implementation' and/or device 'xc7k325t'
Running DRC as a precondition to command route_design
INFO: [DRC 23-27] Running DRC with 8 threads
INFO: [Vivado_Tcl 4-198] DRC finished with 0 Errors
INFO: [Vivado_Tcl 4-199] Please refer to the DRC report (report_drc) for more information.


Starting Routing Task
INFO: [Route 35-270] Using Router directive 'NoTimingRelaxation'.
INFO: [Route 35-254] Multithreading enabled for route_design using a maximum of 8 CPUs

Phase 1 Build RT Design
Checksum: PlaceDB: e62cb9b1 ConstDB: 0 ShapeSum: aca18ca2 RouteDB: 0
Post Restoration Checksum: NetGraph: f04cf1d1 | NumContArr: 19dc4f16 | Constraints: c2a8fa9d | Timing: c2a8fa9d
Phase 1 Build RT Design | Checksum: 28f7b3621

Time (s): cpu = 00:00:22 ; elapsed = 00:00:15 . Memory (MB): peak = 2496.328 ; gain = 216.191

Phase 2 Router Initialization

Phase 2.1 Fix Topology Constraints
Phase 2.1 Fix Topology Constraints | Checksum: 28f7b3621

Time (s): cpu = 00:00:22 ; elapsed = 00:00:15 . Memory (MB): peak = 2496.328 ; gain = 216.191

Phase 2.2 Pre Route Cleanup
Phase 2.2 Pre Route Cleanup | Checksum: 28f7b3621

Time (s): cpu = 00:00:22 ; elapsed = 00:00:15 . Memory (MB): peak = 2496.328 ; gain = 216.191
 Number of Nodes with overlaps = 0

Phase 2.3 Update Timing
Phase 2.3 Update Timing | Checksum: 270fa43b3

Time (s): cpu = 00:00:24 ; elapsed = 00:00:18 . Memory (MB): peak = 2691.684 ; gain = 411.547
INFO: [Route 35-416] Intermediate Timing Summary | WNS=0.248  | TNS=0.000  | WHS=-0.254 | THS=-196.422|


Router Utilization Summary
  Global Vertical Routing Utilization    = 0 %
  Global Horizontal Routing Utilization  = 0 %
  Routable Net Status*
  *Does not include unroutable nets such as driverless and loadless.
  Run report_route_status for detailed report.
  Number of Failed Nets               = 7979
    (Failed Nets is the sum of unrouted and partially routed nets)
  Number of Unrouted Nets             = 7979
  Number of Partially Routed Nets     = 0
  Number of Node Overlaps             = 0

Phase 2 Router Initialization | Checksum: 21dfafd80

Time (s): cpu = 00:00:25 ; elapsed = 00:00:18 . Memory (MB): peak = 2722.203 ; gain = 442.066

Phase 3 Initial Routing

Phase 3.1 Global Routing
Phase 3.1 Global Routing | Checksum: 21dfafd80

Time (s): cpu = 00:00:25 ; elapsed = 00:00:18 . Memory (MB): peak = 2722.203 ; gain = 442.066

Phase 3.2 Initial Net Routing
Phase 3.2 Initial Net Routing | Checksum: 26da276a8

Time (s): cpu = 00:00:27 ; elapsed = 00:00:19 . Memory (MB): peak = 2722.203 ; gain = 442.066
Phase 3 Initial Routing | Checksum: 26da276a8

Time (s): cpu = 00:00:27 ; elapsed = 00:00:19 . Memory (MB): peak = 2722.203 ; gain = 442.066

Phase 4 Rip-up And Reroute

Phase 4.1 Global Iteration 0
 Number of Nodes with overlaps = 3223
 Number of Nodes with overlaps = 1349
 Number of Nodes with overlaps = 612
 Number of Nodes with overlaps = 319
 Number of Nodes with overlaps = 218
 Number of Nodes with overlaps = 126
 Number of Nodes with overlaps = 74
 Number of Nodes with overlaps = 48
 Number of Nodes with overlaps = 36
 Number of Nodes with overlaps = 36
 Number of Nodes with overlaps = 18
 Number of Nodes with overlaps = 13
 Number of Nodes with overlaps = 9
 Number of Nodes with overlaps = 8
 Number of Nodes with overlaps = 5
 Number of Nodes with overlaps = 5
 Number of Nodes with overlaps = 2
 Number of Nodes with overlaps = 1
 Number of Nodes with overlaps = 0
INFO: [Route 35-416] Intermediate Timing Summary | WNS=0.026  | TNS=0.000  | WHS=N/A    | THS=N/A    |

Phase 4.1 Global Iteration 0 | Checksum: 1ef2a05ac

Time (s): cpu = 00:00:30 ; elapsed = 00:00:30 . Memory (MB): peak = 2722.203 ; gain = 442.066
Phase 4 Rip-up And Reroute | Checksum: 1ef2a05ac

Time (s): cpu = 00:00:30 ; elapsed = 00:00:30 . Memory (MB): peak = 2722.203 ; gain = 442.066

Phase 5 Delay and Skew Optimization

Phase 5.1 Delay CleanUp
Phase 5.1 Delay CleanUp | Checksum: 1ef2a05ac

Time (s): cpu = 00:00:30 ; elapsed = 00:00:30 . Memory (MB): peak = 2722.203 ; gain = 442.066

Phase 5.2 Clock Skew Optimization
Phase 5.2 Clock Skew Optimization | Checksum: 1ef2a05ac

Time (s): cpu = 00:00:30 ; elapsed = 00:00:30 . Memory (MB): peak = 2722.203 ; gain = 442.066
Phase 5 Delay and Skew Optimization | Checksum: 1ef2a05ac

Time (s): cpu = 00:00:30 ; elapsed = 00:00:30 . Memory (MB): peak = 2722.203 ; gain = 442.066

Phase 6 Post Hold Fix

Phase 6.1 Hold Fix Iter

Phase 6.1.1 Update Timing
Phase 6.1.1 Update Timing | Checksum: 263429cbc

Time (s): cpu = 00:00:31 ; elapsed = 00:00:31 . Memory (MB): peak = 2722.203 ; gain = 442.066
INFO: [Route 35-416] Intermediate Timing Summary | WNS=0.040  | TNS=0.000  | WHS=0.084  | THS=0.000  |

Phase 6.1 Hold Fix Iter | Checksum: 263429cbc

Time (s): cpu = 00:00:31 ; elapsed = 00:00:31 . Memory (MB): peak = 2722.203 ; gain = 442.066
Phase 6 Post Hold Fix | Checksum: 263429cbc

Time (s): cpu = 00:00:31 ; elapsed = 00:00:31 . Memory (MB): peak = 2722.203 ; gain = 442.066

Phase 7 Route finalize

Router Utilization Summary
  Global Vertical Routing Utilization    = 1.10924 %
  Global Horizontal Routing Utilization  = 1.20945 %
  Routable Net Status*
  *Does not include unroutable nets such as driverless and loadless.
  Run report_route_status for detailed report.
  Number of Failed Nets               = 0
    (Failed Nets is the sum of unrouted and partially routed nets)
  Number of Unrouted Nets             = 0
  Number of Partially Routed Nets     = 0
  Number of Node Overlaps             = 0

Phase 7 Route finalize | Checksum: 263429cbc

Time (s): cpu = 00:00:31 ; elapsed = 00:00:31 . Memory (MB): peak = 2722.203 ; gain = 442.066

Phase 8 Verifying routed nets

 Verification completed successfully
Phase 8 Verifying routed nets | Checksum: 263429cbc

Time (s): cpu = 00:00:31 ; elapsed = 00:00:31 . Memory (MB): peak = 2722.203 ; gain = 442.066

Phase 9 Depositing Routes
Phase 9 Depositing Routes | Checksum: 1ca615fc1

Time (s): cpu = 00:00:31 ; elapsed = 00:00:31 . Memory (MB): peak = 2722.203 ; gain = 442.066

Phase 10 Post Router Timing
INFO: [Route 35-20] Post Routing Timing Summary | WNS=0.041  | TNS=0.000  | WHS=0.085  | THS=0.000  |

Phase 10 Post Router Timing | Checksum: 184d3ea47

Time (s): cpu = 00:00:32 ; elapsed = 00:00:32 . Memory (MB): peak = 2722.203 ; gain = 442.066
INFO: [Route 35-61] The design met the timing requirement.
INFO: [Route 35-16] Router Completed Successfully

Phase 11 Post-Route Event Processing
Phase 11 Post-Route Event Processing | Checksum: 1a5ef3a89

Time (s): cpu = 00:00:32 ; elapsed = 00:00:32 . Memory (MB): peak = 2722.203 ; gain = 442.066
Ending Routing Task | Checksum: 1a5ef3a89

Time (s): cpu = 00:00:32 ; elapsed = 00:00:32 . Memory (MB): peak = 2722.203 ; gain = 442.066

Routing Is Done.
INFO: [Common 17-83] Releasing license: Implementation
112 Infos, 0 Warnings, 0 Critical Warnings and 0 Errors encountered.
route_design completed successfully
route_design: Time (s): cpu = 00:00:33 ; elapsed = 00:00:33 . Memory (MB): peak = 2722.203 ; gain = 442.066
INFO: [runtcl-4] Executing : report_drc -file top_drc_routed.rpt -pb top_drc_routed.pb -rpx top_drc_routed.rpx
Command: report_drc -file top_drc_routed.rpt -pb top_drc_routed.pb -rpx top_drc_routed.rpx
INFO: [IP_Flow 19-1839] IP Catalog is up to date.
INFO: [DRC 23-27] Running DRC with 8 threads
INFO: [Vivado_Tcl 2-168] The results of DRC are in file C:/Users/hp/Downloads/digital_twin/digital_twin.runs/impl_1/top_drc_routed.rpt.
report_drc completed successfully
INFO: [runtcl-4] Executing : report_methodology -file top_methodology_drc_routed.rpt -pb top_methodology_drc_routed.pb -rpx top_methodology_drc_routed.rpx
Command: report_methodology -file top_methodology_drc_routed.rpt -pb top_methodology_drc_routed.pb -rpx top_methodology_drc_routed.rpx
INFO: [Timing 38-35] Done setting XDC timing constraints.
INFO: [DRC 23-133] Running Methodology with 8 threads
INFO: [Vivado_Tcl 2-1520] The results of Report Methodology are in file C:/Users/hp/Downloads/digital_twin/digital_twin.runs/impl_1/top_methodology_drc_routed.rpt.
report_methodology completed successfully
INFO: [runtcl-4] Executing : report_power -file top_power_routed.rpt -pb top_power_summary_routed.pb -rpx top_power_routed.rpx
Command: report_power -file top_power_routed.rpt -pb top_power_summary_routed.pb -rpx top_power_routed.rpx
INFO: [Timing 38-35] Done setting XDC timing constraints.
Running Vector-less Activity Propagation...

Finished Running Vector-less Activity Propagation
WARNING: [Power 33-332] Found switching activity that implies high-fanout reset nets being asserted for excessive periods of time which may result in inaccurate power analysis.
Resolution: To review and fix problems, please run Power Constraints Advisor in the GUI from Tools > Power Constraints Advisor or run report_power with the -advisory option to generate a text report.
122 Infos, 1 Warnings, 0 Critical Warnings and 0 Errors encountered.
report_power completed successfully
INFO: [runtcl-4] Executing : report_route_status -file top_route_status.rpt -pb top_route_status.pb
INFO: [runtcl-4] Executing : report_timing_summary -max_paths 10 -report_unconstrained -file top_timing_summary_routed.rpt -pb top_timing_summary_routed.pb -rpx top_timing_summary_routed.rpx -warn_on_violation 
INFO: [Timing 38-91] UpdateTimingParams: Speed grade: -2, Delay Type: min_max.
INFO: [Timing 38-191] Multithreading enabled for timing update using a maximum of 8 CPUs
INFO: [runtcl-4] Executing : report_incremental_reuse -file top_incremental_reuse_routed.rpt
INFO: [Vivado_Tcl 4-1062] Incremental flow is disabled. No incremental reuse Info to report.
INFO: [runtcl-4] Executing : report_clock_utilization -file top_clock_utilization_routed.rpt
INFO: [runtcl-4] Executing : report_bus_skew -warn_on_violation -file top_bus_skew_routed.rpt -pb top_bus_skew_routed.pb -rpx top_bus_skew_routed.rpx
INFO: [Timing 38-91] UpdateTimingParams: Speed grade: -2, Delay Type: min_max.
INFO: [Timing 38-191] Multithreading enabled for timing update using a maximum of 8 CPUs
INFO: [Timing 38-480] Writing timing data to binary archive.
Write ShapeDB Complete: Time (s): cpu = 00:00:00 ; elapsed = 00:00:00.015 . Memory (MB): peak = 2722.203 ; gain = 0.000
Wrote PlaceDB: Time (s): cpu = 00:00:01 ; elapsed = 00:00:00.377 . Memory (MB): peak = 2722.203 ; gain = 0.000
Wrote PulsedLatchDB: Time (s): cpu = 00:00:00 ; elapsed = 00:00:00 . Memory (MB): peak = 2722.203 ; gain = 0.000
Writing XDEF routing.
Writing XDEF routing logical nets.
Writing XDEF routing special nets.
Wrote RouteStorage: Time (s): cpu = 00:00:00 ; elapsed = 00:00:00.086 . Memory (MB): peak = 2722.203 ; gain = 0.000
Wrote Netlist Cache: Time (s): cpu = 00:00:00 ; elapsed = 00:00:00.008 . Memory (MB): peak = 2722.203 ; gain = 0.000
Wrote Device Cache: Time (s): cpu = 00:00:00 ; elapsed = 00:00:00.003 . Memory (MB): peak = 2722.203 ; gain = 0.000
Write Physdb Complete: Time (s): cpu = 00:00:01 ; elapsed = 00:00:00.483 . Memory (MB): peak = 2722.203 ; gain = 0.000
INFO: [Common 17-1381] The checkpoint 'C:/Users/hp/Downloads/digital_twin/digital_twin.runs/impl_1/top_routed.dcp' has been generated.
INFO: [Common 17-206] Exiting Vivado at Tue Jun  2 20:25:15 2026...
[Tue Jun  2 20:25:17 2026] impl_1 finished
wait_on_runs: Time (s): cpu = 00:00:01 ; elapsed = 00:11:48 . Memory (MB): peak = 483.887 ; gain = 0.000
# set impl_status [get_property STATUS [get_runs impl_1]]
# puts "IMPL_STATUS=$impl_status"
IMPL_STATUS=route_design Complete!
# if {![regexp -nocase {complete} $impl_status]} {
#     close_project
#     exit 2
# }
# open_run impl_1
INFO: [Device 21-403] Loading part xc7k325tffg900-2
Netlist sorting complete. Time (s): cpu = 00:00:00 ; elapsed = 00:00:00.104 . Memory (MB): peak = 942.145 ; gain = 0.000
INFO: [Netlist 29-17] Analyzing 422 Unisim elements for replacement
INFO: [Netlist 29-28] Unisim Transformation completed in 0 CPU seconds
INFO: [Project 1-479] Netlist was created with Vivado 2023.2
INFO: [Project 1-570] Preparing netlist for logic optimization
Read ShapeDB Complete: Time (s): cpu = 00:00:00 ; elapsed = 00:00:00.014 . Memory (MB): peak = 1063.297 ; gain = 1.707
INFO: [Timing 38-478] Restoring timing data from binary archive.
INFO: [Timing 38-479] Binary timing data restore complete.
INFO: [Project 1-856] Restoring constraints from binary archive.
INFO: [Project 1-853] Binary constraint restore complete.
INFO: [Designutils 20-5722] Start Reading Physical Databases.
Reading placement.
Read Netlist Cache: Time (s): cpu = 00:00:00 ; elapsed = 00:00:00.009 . Memory (MB): peak = 1703.027 ; gain = 0.000
Reading placer database...
Read Device Cache: Time (s): cpu = 00:00:00 ; elapsed = 00:00:00.007 . Memory (MB): peak = 1703.027 ; gain = 0.000
Read PlaceDB: Time (s): cpu = 00:00:00 ; elapsed = 00:00:00.217 . Memory (MB): peak = 1703.027 ; gain = 0.000
Read PulsedLatchDB: Time (s): cpu = 00:00:00 ; elapsed = 00:00:00 . Memory (MB): peak = 1703.027 ; gain = 0.000
Reading routing.
Read RouteStorage: Time (s): cpu = 00:00:00 ; elapsed = 00:00:00.124 . Memory (MB): peak = 1703.027 ; gain = 0.000
Read Physdb Files: Time (s): cpu = 00:00:00 ; elapsed = 00:00:00.377 . Memory (MB): peak = 1703.027 ; gain = 0.000
Restored from archive | CPU: 0.000000 secs | Memory: 0.000000 MB |
Finished XDEF File Restore: Time (s): cpu = 00:00:00 ; elapsed = 00:00:00.419 . Memory (MB): peak = 1703.027 ; gain = 3.949
Netlist sorting complete. Time (s): cpu = 00:00:00 ; elapsed = 00:00:00.002 . Memory (MB): peak = 1703.027 ; gain = 0.000
INFO: [Project 1-111] Unisim Transformation Summary:
  A total of 33 instances were transformed.
  RAM128X1D => RAM128X1D (MUXF7(x2), RAMD64E(x4)): 12 instances
  RAM32M => RAM32M (RAMD32(x6), RAMS32(x2)): 15 instances
  RAM32X1D => RAM32X1D (RAMD32(x2)): 6 instances

open_run: Time (s): cpu = 00:00:10 ; elapsed = 00:00:12 . Memory (MB): peak = 1703.027 ; gain = 1219.141
# report_timing_summary -delay_type min_max -max_paths 80 -nworst 10 \
#     -file "$report_dir/top_timing_summary_routed.rpt"
INFO: [Timing 38-91] UpdateTimingParams: Speed grade: -2, Delay Type: min_max.
INFO: [Timing 38-191] Multithreading enabled for timing update using a maximum of 8 CPUs
# report_timing -delay_type max -sort_by group -max_paths 40 -nworst 5 \
#     -path_type full_clock_expanded \
#     -file "$report_dir/top_timing_max_paths.rpt"
INFO: [Timing 38-91] UpdateTimingParams: Speed grade: -2, Delay Type: max.
INFO: [Timing 38-191] Multithreading enabled for timing update using a maximum of 8 CPUs
INFO: [Timing 38-78] ReportTimingParams: -max_paths 40 -nworst 5 -delay_type max -sort_by group.
# report_timing -delay_type min -sort_by group -max_paths 20 -nworst 5 \
#     -path_type full_clock_expanded \
#     -file "$report_dir/top_timing_min_paths.rpt"
INFO: [Timing 38-91] UpdateTimingParams: Speed grade: -2, Delay Type: min.
INFO: [Timing 38-191] Multithreading enabled for timing update using a maximum of 8 CPUs
INFO: [Timing 38-78] ReportTimingParams: -max_paths 20 -nworst 5 -delay_type min -sort_by group.
# report_utilization -hierarchical -file "$report_dir/top_utilization_hier.rpt"
# report_methodology -file "$report_dir/top_methodology.rpt"
Command: report_methodology -file C:/Users/hp/Downloads/digital_twin/digital_twin.srcs/sources_1/vivado_timing/top_methodology.rpt
INFO: [Timing 38-35] Done setting XDC timing constraints.
INFO: [DRC 23-133] Running Methodology with 8 threads
INFO: [Vivado_Tcl 2-1520] The results of Report Methodology are in file C:/Users/hp/Downloads/digital_twin/digital_twin.srcs/sources_1/vivado_timing/top_methodology.rpt.
report_methodology completed successfully
# report_route_status -file "$report_dir/top_route_status.rpt"
# close_project
# exit 0
INFO: [Common 17-206] Exiting Vivado at Tue Jun  2 20:25:32 2026...
