#-----------------------------------------------------------
# Vivado v2023.2 (64-bit)
# SW Build 4029153 on Fri Oct 13 20:14:34 MDT 2023
# IP Build 4028589 on Sat Oct 14 00:45:43 MDT 2023
# SharedData Build 4025554 on Tue Oct 10 17:18:54 MDT 2023
# Start of session at: Wed Jun  3 19:27:27 2026
# Process ID: 17108
# Current directory: C:/Users/hp/Downloads/digital_twin/digital_twin.srcs/sources_1
# Command line: vivado.exe -mode batch -source .\new\set_clk2_only.tcl -tclargs C:\Users\hp\Downloads\digital_twin\digital_twin.xpr 223
# Log file: C:/Users/hp/Downloads/digital_twin/digital_twin.srcs/sources_1/vivado.log
# Journal file: C:/Users/hp/Downloads/digital_twin/digital_twin.srcs/sources_1\vivado.jou
# Running On: LAPTOP-5UF1FH4A, OS: Windows, CPU Frequency: 2688 MHz, CPU Physical cores: 14, Host memory: 16858 MB
#-----------------------------------------------------------
source {.\new\set_clk2_only.tcl}
# set project_path "C:/Users/hp/Downloads/digital_twin/digital_twin.xpr"
# set freq_mhz "223"
# if {[llength $argv] >= 1} {
#     set project_path [lindex $argv 0]
# }
# if {[llength $argv] >= 2} {
#     set freq_mhz [lindex $argv 1]
# }
# open_project $project_path
Scanning sources...
Finished scanning sources
INFO: [IP_Flow 19-234] Refreshing IP repositories
INFO: [IP_Flow 19-1704] No user IP repositories specified
INFO: [IP_Flow 19-2313] Loaded Vivado IP repository 'E:/Vivado/Vivado/2023.2/data/ip'.
open_project: Time (s): cpu = 00:00:04 ; elapsed = 00:00:07 . Memory (MB): peak = 482.258 ; gain = 203.641
# set pll_ips [get_ips pll]
# if {[llength $pll_ips] != 1} {
#     puts "CLK2_SET_ONLY_ERROR expected one pll IP, got [llength $pll_ips]"
#     close_project
#     exit 3
# }
# set pll_ip [lindex $pll_ips 0]
# puts "CLK2_SET_ONLY freq_mhz=$freq_mhz ip=$pll_ip"
CLK2_SET_ONLY freq_mhz=223 ip=pll
# set_property -dict [list CONFIG.CLKOUT2_REQUESTED_OUT_FREQ $freq_mhz] $pll_ip
INFO: [Device 21-403] Loading part xc7k325tffg900-2
# generate_target all $pll_ip
INFO: [IP_Flow 19-1686] Generating 'Instantiation Template' target for IP 'pll'...
INFO: [IP_Flow 19-1686] Generating 'Synthesis' target for IP 'pll'...
INFO: [IP_Flow 19-1686] Generating 'Simulation' target for IP 'pll'...
INFO: [IP_Flow 19-1686] Generating 'Implementation' target for IP 'pll'...
INFO: [IP_Flow 19-1686] Generating 'Change Log' target for IP 'pll'...
# export_ip_user_files -of_objects $pll_ip -no_script -sync -force
# update_compile_order -fileset sources_1
# close_project
# exit 0
INFO: [Common 17-206] Exiting Vivado at Wed Jun  3 19:27:41 2026...
