========================================
Simulation started: Wed Jul 15 17:09:37 2026
Max cycles:   200000000000
Log file:     sim/logs0/sim.log
Perf stats:   enabled
Perf output:  sim/logs0/performance_summary.txt
========================================

[cycle          0] Reset released
[cycle       1041] SEG write #1: 0x37000000 pc=80000148 mem=00e7a023 x10=00000037 x13=00000000 x14=00000037 x15=80200020
[cycle  100000000] running...
[cycle  200000000] running...
[cycle  300000000] running...
[cycle  400000000] running...
[cycle  500000000] running...
[cycle  600000000] running...
[cycle  700000000] running...
[cycle  800000000] running...
[cycle  900000000] running...
[cycle 1000000000] running...
[cycle 1100000000] running...
[cycle 1200000000] running...
[cycle 1300000000] running...
[cycle 1400000000] running...
[cycle 1500000000] running...
[cycle 1600000000] running...
[cycle 1700000000] running...
[cycle 1800000000] running...
[cycle 1880165371] SEG write #2: 0x37011280 pc=800001ac mem=00e7a023 x10=00011280 x13=37000000 x14=00011280 x15=80200020
[cycle 1880165426] LED write #1: 0x01221c08 pc=800001e4 mem=00e7a023 x10=01221c08 x13=37000000 x14=01021c08 x15=80200040

========================================
Simulation finished: Wed Jul 15 17:17:13 2026
End reason:  LED write >=1 and SEG write >=2 both reached
Total cycles: 1880165426
Final LED:    0x00000000
Final SEG:    0xe3f81a7f
Final LED write value: 0x01221c08
Final SEG write value: 0x37011280
Shift load-use stalls: 37577123
Shift WB commits:       324998145
Shift FWD_LATE seen:    yes
========================================

================ CPU Performance Summary ================

Core Performance
---------------------------------------------------------
Total cycles:                       1880165426
Retired instructions:               1136827488
CPI:                                   1.6539
IPC:                                   0.6046

Branch Prediction
---------------------------------------------------------
Conditional branches:                 217067396
Correct predictions:                  164491997
Wrong predictions:                     52575399
Prediction accuracy:                    75.78%
Branch recovery cycles:               10043
Branch CPI contribution:               0.0000

BTB
---------------------------------------------------------
BTB lookups:                           246989682
BTB hits:                              246989682
BTB hit rate:                            100.00%
Wrong target predictions:              0

DCache
---------------------------------------------------------
DCache accesses:                    231310564
DCache hits:                        22878756
DCache misses:                         208431808
DCache hit rate:                        9.89%
Miss stall cycles:                    43975754
Average miss penalty:                    0.21

Stall Breakdown
---------------------------------------------------------
Frontend wait:                               0    0.00%
Load-use hazard:                     240114280   12.77%
Other data hazard:                    23815098    1.27%
DCache or memory:                      4968583    0.26%
Branch recovery:                         10043    0.00%
Multiply/divide:                             0    0.00%
Replay:                                      0    0.00%
Other:                                       0    0.00%

Flush and Replay
---------------------------------------------------------
Total flushes:                         53643822
Branch flushes:                        39195135
Replay events:                          2
Replay stall cycles:                   0

CPI Breakdown
---------------------------------------------------------
Base CPI:                              1.4173
Frontend wait CPI:                     0.0000
Data hazard CPI:                       0.2322
Branch recovery CPI:                   0.0000
Memory stall CPI:                      0.0044
Mul/div CPI:                           0.0000
Replay CPI:                            0.0000
Other CPI:                             0.0000

Consistency Checks
---------------------------------------------------------
[PASS] Cache hit + miss = accesses
[PASS] Stall reason sum = total stall cycles
[PASS] CPI component cycle sum = total cycles
[PASS] Branch correct + wrong = conditional branches

All consistency checks passed.

=========================================================

Performance summary written to: sim/logs0/performance_summary.txt
