Copyright 1986-2022 Xilinx, Inc. All Rights Reserved. Copyright 2022-2023 Advanced Micro Devices, Inc. All Rights Reserved.
--------------------------------------------------------------------------------------------------------------------------------------------------------------
| Tool Version : Vivado v.2023.2 (win64) Build 4029153 Fri Oct 13 20:14:34 MDT 2023
| Date         : Wed Jun 24 19:55:08 2026
| Host         : LAPTOP-5UF1FH4A running 64-bit major release  (build 9200)
| Command      : report_utilization -hierarchical -file C:/Users/hp/Downloads/digital_twin/digital_twin.srcs/sources_1/vivado_timing/top_utilization_hier.rpt
| Design       : top
| Device       : xc7k325tffg900-2
| Speed File   : -2
| Design State : Routed
--------------------------------------------------------------------------------------------------------------------------------------------------------------

Utilization Design Information

Table of Contents
-----------------
1. Utilization by Hierarchy

1. Utilization by Hierarchy
---------------------------

+----------------------------------------------------+--------------------------------------------------------+------------+------------+---------+------+------+--------+--------+------------+
|                      Instance                      |                         Module                         | Total LUTs | Logic LUTs | LUTRAMs | SRLs |  FFs | RAMB36 | RAMB18 | DSP Blocks |
+----------------------------------------------------+--------------------------------------------------------+------------+------------+---------+------+------+--------+--------+------------+
| top                                                |                                                  (top) |       5078 |       4964 |     114 |    0 | 3030 |     68 |      0 |          4 |
|   (top)                                            |                                                  (top) |          0 |          0 |       0 |    0 |    0 |      0 |      0 |          0 |
|   pll_inst                                         |                                                    pll |          0 |          0 |       0 |    0 |    0 |      0 |      0 |          0 |
|     inst                                           |                                            pll_clk_wiz |          0 |          0 |       0 |    0 |    0 |      0 |      0 |          0 |
|   student_top_inst                                 |                                            student_top |       4868 |       4754 |     114 |    0 | 2726 |     68 |      0 |          4 |
|     (student_top_inst)                             |                                            student_top |          0 |          0 |       0 |    0 |    0 |      0 |      0 |          0 |
|     Core_cpu                                       |                                                  myCPU |       4444 |       4330 |     114 |    0 | 2093 |      0 |      0 |          4 |
|       cpu_core                                     |                                            open_risc_v |       4444 |       4330 |     114 |    0 | 2093 |      0 |      0 |          4 |
|         (cpu_core)                                 |                                            open_risc_v |          3 |          3 |       0 |    0 |   48 |      0 |      0 |          0 |
|         branch_predictor_inst                      |                                       branch_predictor |        176 |        106 |      70 |    0 |   30 |      0 |      0 |          0 |
|         ctrl_inst                                  |                                                   ctrl |          1 |          1 |       0 |    0 |    4 |      0 |      0 |          0 |
|         ex_inst                                    |                                                     ex |       1042 |       1042 |       0 |    0 |  579 |      0 |      0 |          4 |
|           (ex_inst)                                |                                                     ex |         26 |         26 |       0 |    0 |   21 |      0 |      0 |          0 |
|           csr_inst                                 |                                                    csr |         56 |         56 |       0 |    0 |  160 |      0 |      0 |          0 |
|           rv32m_iter_inst                          |                                             rv32m_iter |        962 |        962 |       0 |    0 |  398 |      0 |      0 |          4 |
|         ex_mem_inst                                |                                                ex_mem1 |         61 |         61 |       0 |    0 |  175 |      0 |      0 |          0 |
|           dff_bp_actual_taken                      |                             dff_set__parameterized1_38 |          2 |          2 |       0 |    0 |    1 |      0 |      0 |          0 |
|           dff_bp_ras_pop_en                        |                             dff_set__parameterized1_39 |          1 |          1 |       0 |    0 |    0 |      0 |      0 |          0 |
|           dff_bp_update_en                         |                             dff_set__parameterized1_42 |          1 |          1 |       0 |    0 |    1 |      0 |      0 |          0 |
|           dff_bp_update_ghr                        |                             dff_set__parameterized3_43 |          1 |          1 |       0 |    0 |    9 |      0 |      0 |          0 |
|           dff_bp_update_pc                         |                             dff_set__parameterized0_44 |          0 |          0 |       0 |    0 |    9 |      0 |      0 |          0 |
|           dff_inst                                 |                             dff_set__parameterized0_45 |          8 |          8 |       0 |    0 |   15 |      0 |      0 |          0 |
|           dff_is_load                              |                             dff_set__parameterized1_46 |          2 |          2 |       0 |    0 |    1 |      0 |      0 |          0 |
|           dff_load_hits_dram                       |                             dff_set__parameterized1_47 |          1 |          1 |       0 |    0 |    1 |      0 |      0 |          0 |
|           dff_mem_rd_addr                          |                             dff_set__parameterized0_48 |         12 |         12 |       0 |    0 |   32 |      0 |      0 |          0 |
|           dff_mem_wd_addr                          |                             dff_set__parameterized0_49 |         11 |         11 |       0 |    0 |   32 |      0 |      0 |          0 |
|           dff_mem_wd_data                          |                             dff_set__parameterized0_50 |         23 |         23 |       0 |    0 |   32 |      0 |      0 |          0 |
|           dff_mem_wd_reg                           |                                dff_set__parameterized2 |          1 |          1 |       0 |    0 |    4 |      0 |      0 |          0 |
|           dff_rd_addr                              |                                             dff_set_51 |          0 |          0 |       0 |    0 |    5 |      0 |      0 |          0 |
|           dff_rd_data                              |                             dff_set__parameterized0_52 |          0 |          0 |       0 |    0 |   32 |      0 |      0 |          0 |
|           dff_rd_wen                               |                             dff_set__parameterized1_53 |          0 |          0 |       0 |    0 |    1 |      0 |      0 |          0 |
|         id_ex_inst                                 |                                                  id_ex |        962 |        962 |       0 |    0 |  719 |      0 |      0 |          0 |
|         if_id_inst                                 |                                                  if_id |        838 |        838 |       0 |    0 |  216 |      0 |      0 |          0 |
|         mem1_mem2_inst                             |                                              mem1_mem2 |       1195 |       1195 |       0 |    0 |  116 |      0 |      0 |          0 |
|           dff_bp_actual_taken                      |                             dff_set__parameterized1_24 |          2 |          2 |       0 |    0 |    1 |      0 |      0 |          0 |
|           dff_bp_update_en                         |                             dff_set__parameterized1_28 |          1 |          1 |       0 |    0 |    1 |      0 |      0 |          0 |
|           dff_bp_update_ghr                        |                             dff_set__parameterized3_29 |          0 |          0 |       0 |    0 |    9 |      0 |      0 |          0 |
|           dff_bp_update_pc                         |                             dff_set__parameterized0_30 |          1 |          1 |       0 |    0 |    9 |      0 |      0 |          0 |
|           dff_inst                                 |                             dff_set__parameterized0_31 |         11 |         11 |       0 |    0 |   16 |      0 |      0 |          0 |
|           dff_is_load                              |                             dff_set__parameterized1_32 |          2 |          2 |       0 |    0 |    2 |      0 |      0 |          0 |
|           dff_load_hits_dram                       |                             dff_set__parameterized1_33 |          1 |          1 |       0 |    0 |    1 |      0 |      0 |          0 |
|           dff_mem_rd_addr                          |                             dff_set__parameterized0_34 |          0 |          0 |       0 |    0 |    3 |      0 |      0 |          0 |
|           dff_rd_addr                              |                                             dff_set_35 |       1175 |       1175 |       0 |    0 |   41 |      0 |      0 |          0 |
|           dff_rd_data                              |                             dff_set__parameterized0_36 |          1 |          1 |       0 |    0 |   32 |      0 |      0 |          0 |
|           dff_rd_wen                               |                             dff_set__parameterized1_37 |          1 |          1 |       0 |    0 |    1 |      0 |      0 |          0 |
|         mem2_align_inst                            |                                            mem1_mem2_0 |         79 |         79 |       0 |    0 |  103 |      0 |      0 |          0 |
|           dff_bp_actual_taken                      |                             dff_set__parameterized1_10 |          2 |          2 |       0 |    0 |    1 |      0 |      0 |          0 |
|           dff_bp_update_en                         |                             dff_set__parameterized1_14 |          1 |          1 |       0 |    0 |    1 |      0 |      0 |          0 |
|           dff_bp_update_ghr                        |                             dff_set__parameterized3_15 |          0 |          0 |       0 |    0 |    9 |      0 |      0 |          0 |
|           dff_bp_update_pc                         |                             dff_set__parameterized0_16 |          0 |          0 |       0 |    0 |    9 |      0 |      0 |          0 |
|           dff_inst                                 |                             dff_set__parameterized0_17 |         65 |         65 |       0 |    0 |   21 |      0 |      0 |          0 |
|           dff_is_load                              |                             dff_set__parameterized1_18 |          1 |          1 |       0 |    0 |   10 |      0 |      0 |          0 |
|           dff_load_hits_dram                       |                             dff_set__parameterized1_19 |          3 |          3 |       0 |    0 |    2 |      0 |      0 |          0 |
|           dff_mem_rd_addr                          |                             dff_set__parameterized0_20 |          1 |          1 |       0 |    0 |   10 |      0 |      0 |          0 |
|           dff_rd_addr                              |                                             dff_set_21 |          3 |          3 |       0 |    0 |    7 |      0 |      0 |          0 |
|           dff_rd_data                              |                             dff_set__parameterized0_22 |          1 |          1 |       0 |    0 |   32 |      0 |      0 |          0 |
|           dff_rd_wen                               |                             dff_set__parameterized1_23 |          3 |          3 |       0 |    0 |    1 |      0 |      0 |          0 |
|         mem_wb_inst                                |                                                mem2_wb |         61 |         61 |       0 |    0 |   71 |      0 |      0 |          0 |
|           dff_bp_actual_taken                      |                                dff_set__parameterized1 |          1 |          1 |       0 |    0 |    1 |      0 |      0 |          0 |
|           dff_bp_update_en                         |                              dff_set__parameterized1_3 |          1 |          1 |       0 |    0 |    1 |      0 |      0 |          0 |
|           dff_bp_update_ghr                        |                                dff_set__parameterized3 |          3 |          3 |       0 |    0 |    9 |      0 |      0 |          0 |
|           dff_bp_update_pc                         |                              dff_set__parameterized0_4 |          0 |          0 |       0 |    0 |    9 |      0 |      0 |          0 |
|           dff_inst                                 |                              dff_set__parameterized0_5 |         45 |         45 |       0 |    0 |   10 |      0 |      0 |          0 |
|           dff_is_slow_load                         |                              dff_set__parameterized1_6 |          0 |          0 |       0 |    0 |    1 |      0 |      0 |          0 |
|           dff_mem_rd_addr                          |                              dff_set__parameterized0_7 |          3 |          3 |       0 |    0 |    2 |      0 |      0 |          0 |
|           dff_rd_addr                              |                                                dff_set |          7 |          7 |       0 |    0 |    5 |      0 |      0 |          0 |
|           dff_rd_data                              |                              dff_set__parameterized0_8 |          1 |          1 |       0 |    0 |   32 |      0 |      0 |          0 |
|           dff_rd_wen                               |                              dff_set__parameterized1_9 |          1 |          1 |       0 |    0 |    1 |      0 |      0 |          0 |
|         pc_reg_inst                                |                                                 pc_reg |          4 |          4 |       0 |    0 |   32 |      0 |      0 |          0 |
|         regs_inst                                  |                                                   regs |         44 |          0 |      44 |    0 |    0 |      0 |      0 |          0 |
|     Mem_IROM                                       |                                               Mem_IROM |          0 |          0 |       0 |    0 |    0 |      4 |      0 |          0 |
|       U0                                           |                            Mem_IROM_blk_mem_gen_v8_4_7 |          0 |          0 |       0 |    0 |    0 |      4 |      0 |          0 |
|         inst_blk_mem_gen                           |                      Mem_IROM_blk_mem_gen_v8_4_7_synth |          0 |          0 |       0 |    0 |    0 |      4 |      0 |          0 |
|           gnbram.gnativebmg.native_blk_mem_gen     |                               Mem_IROM_blk_mem_gen_top |          0 |          0 |       0 |    0 |    0 |      4 |      0 |          0 |
|             valid.cstr                             |                      Mem_IROM_blk_mem_gen_generic_cstr |          0 |          0 |       0 |    0 |    0 |      4 |      0 |          0 |
|               ramloop[0].ram.r                     |                        Mem_IROM_blk_mem_gen_prim_width |          0 |          0 |       0 |    0 |    0 |      1 |      0 |          0 |
|                 prim_init.ram                      |                 Mem_IROM_blk_mem_gen_prim_wrapper_init |          0 |          0 |       0 |    0 |    0 |      1 |      0 |          0 |
|               ramloop[1].ram.r                     |        Mem_IROM_blk_mem_gen_prim_width__parameterized0 |          0 |          0 |       0 |    0 |    0 |      1 |      0 |          0 |
|                 prim_init.ram                      | Mem_IROM_blk_mem_gen_prim_wrapper_init__parameterized0 |          0 |          0 |       0 |    0 |    0 |      1 |      0 |          0 |
|               ramloop[2].ram.r                     |        Mem_IROM_blk_mem_gen_prim_width__parameterized1 |          0 |          0 |       0 |    0 |    0 |      1 |      0 |          0 |
|                 prim_init.ram                      | Mem_IROM_blk_mem_gen_prim_wrapper_init__parameterized1 |          0 |          0 |       0 |    0 |    0 |      1 |      0 |          0 |
|               ramloop[3].ram.r                     |        Mem_IROM_blk_mem_gen_prim_width__parameterized2 |          0 |          0 |       0 |    0 |    0 |      1 |      0 |          0 |
|                 prim_init.ram                      | Mem_IROM_blk_mem_gen_prim_wrapper_init__parameterized2 |          0 |          0 |       0 |    0 |    0 |      1 |      0 |          0 |
|     bridge_inst                                    |                                           perip_bridge |        425 |        425 |       0 |    0 |  633 |     64 |      0 |          0 |
|       (bridge_inst)                                |                                           perip_bridge |         72 |         72 |       0 |    0 |  443 |      0 |      0 |          0 |
|       counter_inst                                 |                                                counter |         94 |         94 |       0 |    0 |  146 |      0 |      0 |          0 |
|       dram_driver_inst                             |                                            dram_driver |        220 |        220 |       0 |    0 |   39 |     64 |      0 |          0 |
|         (dram_driver_inst)                         |                                            dram_driver |         19 |         19 |       0 |    0 |   35 |      0 |      0 |          0 |
|         Mem_DRAM                                   |                                                Mem_RAM |        201 |        201 |       0 |    0 |    4 |     64 |      0 |          0 |
|           U0                                       |                             Mem_RAM_blk_mem_gen_v8_4_7 |        201 |        201 |       0 |    0 |    4 |     64 |      0 |          0 |
|             inst_blk_mem_gen                       |                       Mem_RAM_blk_mem_gen_v8_4_7_synth |        201 |        201 |       0 |    0 |    4 |     64 |      0 |          0 |
|               gnbram.gnativebmg.native_blk_mem_gen |                                Mem_RAM_blk_mem_gen_top |        201 |        201 |       0 |    0 |    4 |     64 |      0 |          0 |
|                 valid.cstr                         |                       Mem_RAM_blk_mem_gen_generic_cstr |        201 |        201 |       0 |    0 |    4 |     64 |      0 |          0 |
|                   has_mux_b.B                      |                Mem_RAM_blk_mem_gen_mux__parameterized0 |        128 |        128 |       0 |    0 |    4 |      0 |      0 |          0 |
|                   ramloop[0].ram.r                 |                         Mem_RAM_blk_mem_gen_prim_width |          1 |          1 |       0 |    0 |    0 |      1 |      0 |          0 |
|                     prim_init.ram                  |                  Mem_RAM_blk_mem_gen_prim_wrapper_init |          1 |          1 |       0 |    0 |    0 |      1 |      0 |          0 |
|                   ramloop[10].ram.r                |         Mem_RAM_blk_mem_gen_prim_width__parameterized9 |          1 |          1 |       0 |    0 |    0 |      1 |      0 |          0 |
|                     prim_init.ram                  |  Mem_RAM_blk_mem_gen_prim_wrapper_init__parameterized9 |          1 |          1 |       0 |    0 |    0 |      1 |      0 |          0 |
|                   ramloop[11].ram.r                |        Mem_RAM_blk_mem_gen_prim_width__parameterized10 |          1 |          1 |       0 |    0 |    0 |      1 |      0 |          0 |
|                     prim_init.ram                  | Mem_RAM_blk_mem_gen_prim_wrapper_init__parameterized10 |          1 |          1 |       0 |    0 |    0 |      1 |      0 |          0 |
|                   ramloop[12].ram.r                |        Mem_RAM_blk_mem_gen_prim_width__parameterized11 |          1 |          1 |       0 |    0 |    0 |      1 |      0 |          0 |
|                     prim_init.ram                  | Mem_RAM_blk_mem_gen_prim_wrapper_init__parameterized11 |          1 |          1 |       0 |    0 |    0 |      1 |      0 |          0 |
|                   ramloop[13].ram.r                |        Mem_RAM_blk_mem_gen_prim_width__parameterized12 |          1 |          1 |       0 |    0 |    0 |      1 |      0 |          0 |
|                     prim_init.ram                  | Mem_RAM_blk_mem_gen_prim_wrapper_init__parameterized12 |          1 |          1 |       0 |    0 |    0 |      1 |      0 |          0 |
|                   ramloop[14].ram.r                |        Mem_RAM_blk_mem_gen_prim_width__parameterized13 |          1 |          1 |       0 |    0 |    0 |      1 |      0 |          0 |
|                     prim_init.ram                  | Mem_RAM_blk_mem_gen_prim_wrapper_init__parameterized13 |          1 |          1 |       0 |    0 |    0 |      1 |      0 |          0 |
|                   ramloop[15].ram.r                |        Mem_RAM_blk_mem_gen_prim_width__parameterized14 |          1 |          1 |       0 |    0 |    0 |      1 |      0 |          0 |
|                     prim_init.ram                  | Mem_RAM_blk_mem_gen_prim_wrapper_init__parameterized14 |          1 |          1 |       0 |    0 |    0 |      1 |      0 |          0 |
|                   ramloop[16].ram.r                |        Mem_RAM_blk_mem_gen_prim_width__parameterized15 |          1 |          1 |       0 |    0 |    0 |      1 |      0 |          0 |
|                     prim_init.ram                  | Mem_RAM_blk_mem_gen_prim_wrapper_init__parameterized15 |          1 |          1 |       0 |    0 |    0 |      1 |      0 |          0 |
|                   ramloop[17].ram.r                |        Mem_RAM_blk_mem_gen_prim_width__parameterized16 |          1 |          1 |       0 |    0 |    0 |      1 |      0 |          0 |
|                     prim_init.ram                  | Mem_RAM_blk_mem_gen_prim_wrapper_init__parameterized16 |          1 |          1 |       0 |    0 |    0 |      1 |      0 |          0 |
|                   ramloop[18].ram.r                |        Mem_RAM_blk_mem_gen_prim_width__parameterized17 |          1 |          1 |       0 |    0 |    0 |      1 |      0 |          0 |
|                     prim_init.ram                  | Mem_RAM_blk_mem_gen_prim_wrapper_init__parameterized17 |          1 |          1 |       0 |    0 |    0 |      1 |      0 |          0 |
|                   ramloop[19].ram.r                |        Mem_RAM_blk_mem_gen_prim_width__parameterized18 |          1 |          1 |       0 |    0 |    0 |      1 |      0 |          0 |
|                     prim_init.ram                  | Mem_RAM_blk_mem_gen_prim_wrapper_init__parameterized18 |          1 |          1 |       0 |    0 |    0 |      1 |      0 |          0 |
|                   ramloop[1].ram.r                 |         Mem_RAM_blk_mem_gen_prim_width__parameterized0 |          1 |          1 |       0 |    0 |    0 |      1 |      0 |          0 |
|                     prim_init.ram                  |  Mem_RAM_blk_mem_gen_prim_wrapper_init__parameterized0 |          1 |          1 |       0 |    0 |    0 |      1 |      0 |          0 |
|                   ramloop[20].ram.r                |        Mem_RAM_blk_mem_gen_prim_width__parameterized19 |          1 |          1 |       0 |    0 |    0 |      1 |      0 |          0 |
|                     prim_init.ram                  | Mem_RAM_blk_mem_gen_prim_wrapper_init__parameterized19 |          1 |          1 |       0 |    0 |    0 |      1 |      0 |          0 |
|                   ramloop[21].ram.r                |        Mem_RAM_blk_mem_gen_prim_width__parameterized20 |          1 |          1 |       0 |    0 |    0 |      1 |      0 |          0 |
|                     prim_init.ram                  | Mem_RAM_blk_mem_gen_prim_wrapper_init__parameterized20 |          1 |          1 |       0 |    0 |    0 |      1 |      0 |          0 |
|                   ramloop[22].ram.r                |        Mem_RAM_blk_mem_gen_prim_width__parameterized21 |          1 |          1 |       0 |    0 |    0 |      1 |      0 |          0 |
|                     prim_init.ram                  | Mem_RAM_blk_mem_gen_prim_wrapper_init__parameterized21 |          1 |          1 |       0 |    0 |    0 |      1 |      0 |          0 |
|                   ramloop[23].ram.r                |        Mem_RAM_blk_mem_gen_prim_width__parameterized22 |          1 |          1 |       0 |    0 |    0 |      1 |      0 |          0 |
|                     prim_init.ram                  | Mem_RAM_blk_mem_gen_prim_wrapper_init__parameterized22 |          1 |          1 |       0 |    0 |    0 |      1 |      0 |          0 |
|                   ramloop[24].ram.r                |        Mem_RAM_blk_mem_gen_prim_width__parameterized23 |          1 |          1 |       0 |    0 |    0 |      1 |      0 |          0 |
|                     prim_init.ram                  | Mem_RAM_blk_mem_gen_prim_wrapper_init__parameterized23 |          1 |          1 |       0 |    0 |    0 |      1 |      0 |          0 |
|                   ramloop[25].ram.r                |        Mem_RAM_blk_mem_gen_prim_width__parameterized24 |          1 |          1 |       0 |    0 |    0 |      1 |      0 |          0 |
|                     prim_init.ram                  | Mem_RAM_blk_mem_gen_prim_wrapper_init__parameterized24 |          1 |          1 |       0 |    0 |    0 |      1 |      0 |          0 |
|                   ramloop[26].ram.r                |        Mem_RAM_blk_mem_gen_prim_width__parameterized25 |          1 |          1 |       0 |    0 |    0 |      1 |      0 |          0 |
|                     prim_init.ram                  | Mem_RAM_blk_mem_gen_prim_wrapper_init__parameterized25 |          1 |          1 |       0 |    0 |    0 |      1 |      0 |          0 |
|                   ramloop[27].ram.r                |        Mem_RAM_blk_mem_gen_prim_width__parameterized26 |          1 |          1 |       0 |    0 |    0 |      1 |      0 |          0 |
|                     prim_init.ram                  | Mem_RAM_blk_mem_gen_prim_wrapper_init__parameterized26 |          1 |          1 |       0 |    0 |    0 |      1 |      0 |          0 |
|                   ramloop[28].ram.r                |        Mem_RAM_blk_mem_gen_prim_width__parameterized27 |          1 |          1 |       0 |    0 |    0 |      1 |      0 |          0 |
|                     prim_init.ram                  | Mem_RAM_blk_mem_gen_prim_wrapper_init__parameterized27 |          1 |          1 |       0 |    0 |    0 |      1 |      0 |          0 |
|                   ramloop[29].ram.r                |        Mem_RAM_blk_mem_gen_prim_width__parameterized28 |          1 |          1 |       0 |    0 |    0 |      1 |      0 |          0 |
|                     prim_init.ram                  | Mem_RAM_blk_mem_gen_prim_wrapper_init__parameterized28 |          1 |          1 |       0 |    0 |    0 |      1 |      0 |          0 |
|                   ramloop[2].ram.r                 |         Mem_RAM_blk_mem_gen_prim_width__parameterized1 |          1 |          1 |       0 |    0 |    0 |      1 |      0 |          0 |
|                     prim_init.ram                  |  Mem_RAM_blk_mem_gen_prim_wrapper_init__parameterized1 |          1 |          1 |       0 |    0 |    0 |      1 |      0 |          0 |
|                   ramloop[30].ram.r                |        Mem_RAM_blk_mem_gen_prim_width__parameterized29 |          1 |          1 |       0 |    0 |    0 |      1 |      0 |          0 |
|                     prim_init.ram                  | Mem_RAM_blk_mem_gen_prim_wrapper_init__parameterized29 |          1 |          1 |       0 |    0 |    0 |      1 |      0 |          0 |
|                   ramloop[31].ram.r                |        Mem_RAM_blk_mem_gen_prim_width__parameterized30 |          1 |          1 |       0 |    0 |    0 |      1 |      0 |          0 |
|                     prim_init.ram                  | Mem_RAM_blk_mem_gen_prim_wrapper_init__parameterized30 |          1 |          1 |       0 |    0 |    0 |      1 |      0 |          0 |
|                   ramloop[32].ram.r                |        Mem_RAM_blk_mem_gen_prim_width__parameterized31 |          1 |          1 |       0 |    0 |    0 |      1 |      0 |          0 |
|                     prim_init.ram                  | Mem_RAM_blk_mem_gen_prim_wrapper_init__parameterized31 |          1 |          1 |       0 |    0 |    0 |      1 |      0 |          0 |
|                   ramloop[33].ram.r                |        Mem_RAM_blk_mem_gen_prim_width__parameterized32 |          1 |          1 |       0 |    0 |    0 |      1 |      0 |          0 |
|                     prim_init.ram                  | Mem_RAM_blk_mem_gen_prim_wrapper_init__parameterized32 |          1 |          1 |       0 |    0 |    0 |      1 |      0 |          0 |
|                   ramloop[34].ram.r                |        Mem_RAM_blk_mem_gen_prim_width__parameterized33 |          1 |          1 |       0 |    0 |    0 |      1 |      0 |          0 |
|                     prim_init.ram                  | Mem_RAM_blk_mem_gen_prim_wrapper_init__parameterized33 |          1 |          1 |       0 |    0 |    0 |      1 |      0 |          0 |
|                   ramloop[35].ram.r                |        Mem_RAM_blk_mem_gen_prim_width__parameterized34 |          1 |          1 |       0 |    0 |    0 |      1 |      0 |          0 |
|                     prim_init.ram                  | Mem_RAM_blk_mem_gen_prim_wrapper_init__parameterized34 |          1 |          1 |       0 |    0 |    0 |      1 |      0 |          0 |
|                   ramloop[36].ram.r                |        Mem_RAM_blk_mem_gen_prim_width__parameterized35 |          1 |          1 |       0 |    0 |    0 |      1 |      0 |          0 |
|                     prim_init.ram                  | Mem_RAM_blk_mem_gen_prim_wrapper_init__parameterized35 |          1 |          1 |       0 |    0 |    0 |      1 |      0 |          0 |
|                   ramloop[37].ram.r                |        Mem_RAM_blk_mem_gen_prim_width__parameterized36 |          1 |          1 |       0 |    0 |    0 |      1 |      0 |          0 |
|                     prim_init.ram                  | Mem_RAM_blk_mem_gen_prim_wrapper_init__parameterized36 |          1 |          1 |       0 |    0 |    0 |      1 |      0 |          0 |
|                   ramloop[38].ram.r                |        Mem_RAM_blk_mem_gen_prim_width__parameterized37 |          1 |          1 |       0 |    0 |    0 |      1 |      0 |          0 |
|                     prim_init.ram                  | Mem_RAM_blk_mem_gen_prim_wrapper_init__parameterized37 |          1 |          1 |       0 |    0 |    0 |      1 |      0 |          0 |
|                   ramloop[39].ram.r                |        Mem_RAM_blk_mem_gen_prim_width__parameterized38 |          1 |          1 |       0 |    0 |    0 |      1 |      0 |          0 |
|                     prim_init.ram                  | Mem_RAM_blk_mem_gen_prim_wrapper_init__parameterized38 |          1 |          1 |       0 |    0 |    0 |      1 |      0 |          0 |
|                   ramloop[3].ram.r                 |         Mem_RAM_blk_mem_gen_prim_width__parameterized2 |          1 |          1 |       0 |    0 |    0 |      1 |      0 |          0 |
|                     prim_init.ram                  |  Mem_RAM_blk_mem_gen_prim_wrapper_init__parameterized2 |          1 |          1 |       0 |    0 |    0 |      1 |      0 |          0 |
|                   ramloop[40].ram.r                |        Mem_RAM_blk_mem_gen_prim_width__parameterized39 |          1 |          1 |       0 |    0 |    0 |      1 |      0 |          0 |
|                     prim_init.ram                  | Mem_RAM_blk_mem_gen_prim_wrapper_init__parameterized39 |          1 |          1 |       0 |    0 |    0 |      1 |      0 |          0 |
|                   ramloop[41].ram.r                |        Mem_RAM_blk_mem_gen_prim_width__parameterized40 |          1 |          1 |       0 |    0 |    0 |      1 |      0 |          0 |
|                     prim_init.ram                  | Mem_RAM_blk_mem_gen_prim_wrapper_init__parameterized40 |          1 |          1 |       0 |    0 |    0 |      1 |      0 |          0 |
|                   ramloop[42].ram.r                |        Mem_RAM_blk_mem_gen_prim_width__parameterized41 |          1 |          1 |       0 |    0 |    0 |      1 |      0 |          0 |
|                     prim_init.ram                  | Mem_RAM_blk_mem_gen_prim_wrapper_init__parameterized41 |          1 |          1 |       0 |    0 |    0 |      1 |      0 |          0 |
|                   ramloop[43].ram.r                |        Mem_RAM_blk_mem_gen_prim_width__parameterized42 |          1 |          1 |       0 |    0 |    0 |      1 |      0 |          0 |
|                     prim_init.ram                  | Mem_RAM_blk_mem_gen_prim_wrapper_init__parameterized42 |          1 |          1 |       0 |    0 |    0 |      1 |      0 |          0 |
|                   ramloop[44].ram.r                |        Mem_RAM_blk_mem_gen_prim_width__parameterized43 |          1 |          1 |       0 |    0 |    0 |      1 |      0 |          0 |
|                     prim_init.ram                  | Mem_RAM_blk_mem_gen_prim_wrapper_init__parameterized43 |          1 |          1 |       0 |    0 |    0 |      1 |      0 |          0 |
|                   ramloop[45].ram.r                |        Mem_RAM_blk_mem_gen_prim_width__parameterized44 |          1 |          1 |       0 |    0 |    0 |      1 |      0 |          0 |
|                     prim_init.ram                  | Mem_RAM_blk_mem_gen_prim_wrapper_init__parameterized44 |          1 |          1 |       0 |    0 |    0 |      1 |      0 |          0 |
|                   ramloop[46].ram.r                |        Mem_RAM_blk_mem_gen_prim_width__parameterized45 |          1 |          1 |       0 |    0 |    0 |      1 |      0 |          0 |
|                     prim_init.ram                  | Mem_RAM_blk_mem_gen_prim_wrapper_init__parameterized45 |          1 |          1 |       0 |    0 |    0 |      1 |      0 |          0 |
|                   ramloop[47].ram.r                |        Mem_RAM_blk_mem_gen_prim_width__parameterized46 |          1 |          1 |       0 |    0 |    0 |      1 |      0 |          0 |
|                     prim_init.ram                  | Mem_RAM_blk_mem_gen_prim_wrapper_init__parameterized46 |          1 |          1 |       0 |    0 |    0 |      1 |      0 |          0 |
|                   ramloop[48].ram.r                |        Mem_RAM_blk_mem_gen_prim_width__parameterized47 |          2 |          2 |       0 |    0 |    0 |      1 |      0 |          0 |
|                     prim_init.ram                  | Mem_RAM_blk_mem_gen_prim_wrapper_init__parameterized47 |          2 |          2 |       0 |    0 |    0 |      1 |      0 |          0 |
|                   ramloop[49].ram.r                |        Mem_RAM_blk_mem_gen_prim_width__parameterized48 |          2 |          2 |       0 |    0 |    0 |      1 |      0 |          0 |
|                     prim_init.ram                  | Mem_RAM_blk_mem_gen_prim_wrapper_init__parameterized48 |          2 |          2 |       0 |    0 |    0 |      1 |      0 |          0 |
|                   ramloop[4].ram.r                 |         Mem_RAM_blk_mem_gen_prim_width__parameterized3 |          1 |          1 |       0 |    0 |    0 |      1 |      0 |          0 |
|                     prim_init.ram                  |  Mem_RAM_blk_mem_gen_prim_wrapper_init__parameterized3 |          1 |          1 |       0 |    0 |    0 |      1 |      0 |          0 |
|                   ramloop[50].ram.r                |        Mem_RAM_blk_mem_gen_prim_width__parameterized49 |          2 |          2 |       0 |    0 |    0 |      1 |      0 |          0 |
|                     prim_init.ram                  | Mem_RAM_blk_mem_gen_prim_wrapper_init__parameterized49 |          2 |          2 |       0 |    0 |    0 |      1 |      0 |          0 |
|                   ramloop[51].ram.r                |        Mem_RAM_blk_mem_gen_prim_width__parameterized50 |          2 |          2 |       0 |    0 |    0 |      1 |      0 |          0 |
|                     prim_init.ram                  | Mem_RAM_blk_mem_gen_prim_wrapper_init__parameterized50 |          2 |          2 |       0 |    0 |    0 |      1 |      0 |          0 |
|                   ramloop[52].ram.r                |        Mem_RAM_blk_mem_gen_prim_width__parameterized51 |          2 |          2 |       0 |    0 |    0 |      1 |      0 |          0 |
|                     prim_init.ram                  | Mem_RAM_blk_mem_gen_prim_wrapper_init__parameterized51 |          2 |          2 |       0 |    0 |    0 |      1 |      0 |          0 |
|                   ramloop[53].ram.r                |        Mem_RAM_blk_mem_gen_prim_width__parameterized52 |          2 |          2 |       0 |    0 |    0 |      1 |      0 |          0 |
|                     prim_init.ram                  | Mem_RAM_blk_mem_gen_prim_wrapper_init__parameterized52 |          2 |          2 |       0 |    0 |    0 |      1 |      0 |          0 |
|                   ramloop[54].ram.r                |        Mem_RAM_blk_mem_gen_prim_width__parameterized53 |          2 |          2 |       0 |    0 |    0 |      1 |      0 |          0 |
|                     prim_init.ram                  | Mem_RAM_blk_mem_gen_prim_wrapper_init__parameterized53 |          2 |          2 |       0 |    0 |    0 |      1 |      0 |          0 |
|                   ramloop[55].ram.r                |        Mem_RAM_blk_mem_gen_prim_width__parameterized54 |          2 |          2 |       0 |    0 |    0 |      1 |      0 |          0 |
|                     prim_init.ram                  | Mem_RAM_blk_mem_gen_prim_wrapper_init__parameterized54 |          2 |          2 |       0 |    0 |    0 |      1 |      0 |          0 |
|                   ramloop[56].ram.r                |        Mem_RAM_blk_mem_gen_prim_width__parameterized55 |          2 |          2 |       0 |    0 |    0 |      1 |      0 |          0 |
|                     prim_init.ram                  | Mem_RAM_blk_mem_gen_prim_wrapper_init__parameterized55 |          2 |          2 |       0 |    0 |    0 |      1 |      0 |          0 |
|                   ramloop[57].ram.r                |        Mem_RAM_blk_mem_gen_prim_width__parameterized56 |          2 |          2 |       0 |    0 |    0 |      1 |      0 |          0 |
|                     prim_init.ram                  | Mem_RAM_blk_mem_gen_prim_wrapper_init__parameterized56 |          2 |          2 |       0 |    0 |    0 |      1 |      0 |          0 |
|                   ramloop[58].ram.r                |        Mem_RAM_blk_mem_gen_prim_width__parameterized57 |          2 |          2 |       0 |    0 |    0 |      1 |      0 |          0 |
|                     prim_init.ram                  | Mem_RAM_blk_mem_gen_prim_wrapper_init__parameterized57 |          2 |          2 |       0 |    0 |    0 |      1 |      0 |          0 |
|                   ramloop[59].ram.r                |        Mem_RAM_blk_mem_gen_prim_width__parameterized58 |          2 |          2 |       0 |    0 |    0 |      1 |      0 |          0 |
|                     prim_init.ram                  | Mem_RAM_blk_mem_gen_prim_wrapper_init__parameterized58 |          2 |          2 |       0 |    0 |    0 |      1 |      0 |          0 |
|                   ramloop[5].ram.r                 |         Mem_RAM_blk_mem_gen_prim_width__parameterized4 |          1 |          1 |       0 |    0 |    0 |      1 |      0 |          0 |
|                     prim_init.ram                  |  Mem_RAM_blk_mem_gen_prim_wrapper_init__parameterized4 |          1 |          1 |       0 |    0 |    0 |      1 |      0 |          0 |
|                   ramloop[60].ram.r                |        Mem_RAM_blk_mem_gen_prim_width__parameterized59 |          2 |          2 |       0 |    0 |    0 |      1 |      0 |          0 |
|                     prim_init.ram                  | Mem_RAM_blk_mem_gen_prim_wrapper_init__parameterized59 |          2 |          2 |       0 |    0 |    0 |      1 |      0 |          0 |
|                   ramloop[61].ram.r                |        Mem_RAM_blk_mem_gen_prim_width__parameterized60 |          2 |          2 |       0 |    0 |    0 |      1 |      0 |          0 |
|                     prim_init.ram                  | Mem_RAM_blk_mem_gen_prim_wrapper_init__parameterized60 |          2 |          2 |       0 |    0 |    0 |      1 |      0 |          0 |
|                   ramloop[62].ram.r                |        Mem_RAM_blk_mem_gen_prim_width__parameterized61 |          2 |          2 |       0 |    0 |    0 |      1 |      0 |          0 |
|                     prim_init.ram                  | Mem_RAM_blk_mem_gen_prim_wrapper_init__parameterized61 |          2 |          2 |       0 |    0 |    0 |      1 |      0 |          0 |
|                   ramloop[63].ram.r                |        Mem_RAM_blk_mem_gen_prim_width__parameterized62 |          2 |          2 |       0 |    0 |    0 |      1 |      0 |          0 |
|                     prim_init.ram                  | Mem_RAM_blk_mem_gen_prim_wrapper_init__parameterized62 |          2 |          2 |       0 |    0 |    0 |      1 |      0 |          0 |
|                   ramloop[6].ram.r                 |         Mem_RAM_blk_mem_gen_prim_width__parameterized5 |          1 |          1 |       0 |    0 |    0 |      1 |      0 |          0 |
|                     prim_init.ram                  |  Mem_RAM_blk_mem_gen_prim_wrapper_init__parameterized5 |          1 |          1 |       0 |    0 |    0 |      1 |      0 |          0 |
|                   ramloop[7].ram.r                 |         Mem_RAM_blk_mem_gen_prim_width__parameterized6 |          1 |          1 |       0 |    0 |    0 |      1 |      0 |          0 |
|                     prim_init.ram                  |  Mem_RAM_blk_mem_gen_prim_wrapper_init__parameterized6 |          1 |          1 |       0 |    0 |    0 |      1 |      0 |          0 |
|                   ramloop[8].ram.r                 |         Mem_RAM_blk_mem_gen_prim_width__parameterized7 |          1 |          1 |       0 |    0 |    0 |      1 |      0 |          0 |
|                     prim_init.ram                  |  Mem_RAM_blk_mem_gen_prim_wrapper_init__parameterized7 |          1 |          1 |       0 |    0 |    0 |      1 |      0 |          0 |
|                   ramloop[9].ram.r                 |         Mem_RAM_blk_mem_gen_prim_width__parameterized8 |          1 |          1 |       0 |    0 |    0 |      1 |      0 |          0 |
|                     prim_init.ram                  |  Mem_RAM_blk_mem_gen_prim_wrapper_init__parameterized8 |          1 |          1 |       0 |    0 |    0 |      1 |      0 |          0 |
|       seg_driver                                   |                                            display_seg |         41 |         41 |       0 |    0 |    5 |      0 |      0 |          0 |
|   twin_controller_inst                             |                                        twin_controller |         59 |         59 |       0 |    0 |  222 |      0 |      0 |          0 |
|   uart_inst                                        |                                                   uart |        151 |        151 |       0 |    0 |   82 |      0 |      0 |          0 |
+----------------------------------------------------+--------------------------------------------------------+------------+------------+---------+------+------+--------+--------+------------+
* Note: The sum of lower-level cells may be larger than their parent cells total, due to cross-hierarchy LUT combining


